
C:\kp\bin>kpsgrp fvs_pull_all.mcr @fvs_all_projs.mcl 

C:\kp\bin>kpsgrm fvs_pull_all.mcr @fvs_all_projs.mcl kpsgrp00.bat 

Group macro file creation



C:\kp\bin>call kpsgrp00.bat 

C:\kp\bin>cd C:\kp\src\fvs\Finvalda\fvs\Aprasymai 

C:\kp\src\fvs\Finvalda\fvs\Aprasymai>hg pull 
pulling from C:\fvs\Aprasymai
searching for changes
no changes found

C:\kp\src\fvs\Finvalda\fvs\Aprasymai>hg upd 
0 files updated, 0 files merged, 0 files removed, 0 files unresolved

C:\kp\src\fvs\Finvalda\fvs\Aprasymai>cd F:\kp\src\fvs\Finvalda\fvs\Aprasymai 

C:\kp\src\fvs\Finvalda\fvs\Aprasymai>hg pull 
pulling from C:\fvs\Aprasymai
searching for changes
no changes found

C:\kp\src\fvs\Finvalda\fvs\Aprasymai>hg upd 
0 files updated, 0 files merged, 0 files removed, 0 files unresolved

C:\kp\src\fvs\Finvalda\fvs\Aprasymai>cd C:\kp\src\fvs\Finvalda\fvs\Aprasymai\res 

C:\kp\src\fvs\Finvalda\fvs\Aprasymai\res>hg pull 
pulling from C:\fvs\Aprasymai\res
searching for changes
no changes found

C:\kp\src\fvs\Finvalda\fvs\Aprasymai\res>hg upd 
0 files updated, 0 files merged, 0 files removed, 0 files unresolved

C:\kp\src\fvs\Finvalda\fvs\Aprasymai\res>cd F:\kp\src\fvs\Finvalda\fvs\Aprasymai\res 

C:\kp\src\fvs\Finvalda\fvs\Aprasymai\res>hg pull 
pulling from C:\fvs\Aprasymai\res
searching for changes
no changes found

C:\kp\src\fvs\Finvalda\fvs\Aprasymai\res>hg upd 
0 files updated, 0 files merged, 0 files removed, 0 files unresolved

C:\kp\src\fvs\Finvalda\fvs\Aprasymai\res>cd C:\kp\src\fvs\Finvalda\fvs\Finvalda 

C:\kp\src\fvs\Finvalda\fvs\Finvalda>hg pull 
pulling from C:\fvs\Finvalda
searching for changes
no changes found

C:\kp\src\fvs\Finvalda\fvs\Finvalda>hg upd 
0 files updated, 0 files merged, 0 files removed, 0 files unresolved

C:\kp\src\fvs\Finvalda\fvs\Finvalda>cd F:\kp\src\fvs\Finvalda\fvs\Finvalda 

C:\kp\src\fvs\Finvalda\fvs\Finvalda>hg pull 
pulling from C:\fvs\Finvalda
searching for changes
no changes found

C:\kp\src\fvs\Finvalda\fvs\Finvalda>hg upd 
0 files updated, 0 files merged, 0 files removed, 0 files unresolved

C:\kp\src\fvs\Finvalda\fvs\Finvalda>cd C:\kp\src\fvs\Finvalda\fvs\Finvalda\res 

C:\kp\src\fvs\Finvalda\fvs\Finvalda\res>hg pull 
pulling from C:\fvs\Finvalda\res
searching for changes
no changes found

C:\kp\src\fvs\Finvalda\fvs\Finvalda\res>hg upd 
0 files updated, 0 files merged, 0 files removed, 0 files unresolved

C:\kp\src\fvs\Finvalda\fvs\Finvalda\res>cd F:\kp\src\fvs\Finvalda\fvs\Finvalda\res 

C:\kp\src\fvs\Finvalda\fvs\Finvalda\res>hg pull 
pulling from C:\fvs\Finvalda\res
searching for changes
no changes found

C:\kp\src\fvs\Finvalda\fvs\Finvalda\res>hg upd 
0 files updated, 0 files merged, 0 files removed, 0 files unresolved

C:\kp\src\fvs\Finvalda\fvs\Finvalda\res>cd C:\kp\src\fvs\Finvalda\fvs\fvsCmnTools 

C:\kp\src\fvs\Finvalda\fvs\fvsCmnTools>hg pull 
pulling from C:\fvs\fvsCmnTools
searching for changes
no changes found

C:\kp\src\fvs\Finvalda\fvs\fvsCmnTools>hg upd 
0 files updated, 0 files merged, 0 files removed, 0 files unresolved

C:\kp\src\fvs\Finvalda\fvs\fvsCmnTools>cd F:\kp\src\fvs\Finvalda\fvs\fvsCmnTools 

C:\kp\src\fvs\Finvalda\fvs\fvsCmnTools>hg pull 
pulling from C:\fvs\fvsCmnTools
searching for changes
no changes found

C:\kp\src\fvs\Finvalda\fvs\fvsCmnTools>hg upd 
0 files updated, 0 files merged, 0 files removed, 0 files unresolved

C:\kp\src\fvs\Finvalda\fvs\fvsCmnTools>cd C:\kp\src\fvs\Finvalda\fvs\FvsDbImport 

C:\kp\src\fvs\Finvalda\fvs\FvsDbImport>hg pull 
pulling from C:\fvs\FvsDbImport
searching for changes
no changes found

C:\kp\src\fvs\Finvalda\fvs\FvsDbImport>hg upd 
0 files updated, 0 files merged, 0 files removed, 0 files unresolved

C:\kp\src\fvs\Finvalda\fvs\FvsDbImport>cd F:\kp\src\fvs\Finvalda\fvs\FvsDbImport 

C:\kp\src\fvs\Finvalda\fvs\FvsDbImport>hg pull 
pulling from C:\fvs\FvsDbImport
searching for changes
no changes found

C:\kp\src\fvs\Finvalda\fvs\FvsDbImport>hg upd 
0 files updated, 0 files merged, 0 files removed, 0 files unresolved

C:\kp\src\fvs\Finvalda\fvs\FvsDbImport>cd C:\kp\src\fvs\Finvalda\fvs\FvsDuomenuTestas 

C:\kp\src\fvs\Finvalda\fvs\FvsDuomenuTestas>hg pull 
pulling from C:\fvs\FvsDuomenuTestas
searching for changes
no changes found

C:\kp\src\fvs\Finvalda\fvs\FvsDuomenuTestas>hg upd 
0 files updated, 0 files merged, 0 files removed, 0 files unresolved

C:\kp\src\fvs\Finvalda\fvs\FvsDuomenuTestas>cd F:\kp\src\fvs\Finvalda\fvs\FvsDuomenuTestas 

C:\kp\src\fvs\Finvalda\fvs\FvsDuomenuTestas>hg pull 
pulling from C:\fvs\FvsDuomenuTestas
searching for changes
no changes found

C:\kp\src\fvs\Finvalda\fvs\FvsDuomenuTestas>hg upd 
0 files updated, 0 files merged, 0 files removed, 0 files unresolved

C:\kp\src\fvs\Finvalda\fvs\FvsDuomenuTestas>cd C:\kp\src\fvs\Finvalda\fvs\FvsDuomenuTestasSum 

C:\kp\src\fvs\Finvalda\fvs\FvsDuomenuTestasSum>hg pull 
pulling from C:\fvs\FvsDuomenuTestasSum
searching for changes
no changes found

C:\kp\src\fvs\Finvalda\fvs\FvsDuomenuTestasSum>hg upd 
0 files updated, 0 files merged, 0 files removed, 0 files unresolved

C:\kp\src\fvs\Finvalda\fvs\FvsDuomenuTestasSum>cd F:\kp\src\fvs\Finvalda\fvs\FvsDuomenuTestasSum 

C:\kp\src\fvs\Finvalda\fvs\FvsDuomenuTestasSum>hg pull 
pulling from C:\fvs\FvsDuomenuTestasSum
searching for changes
no changes found

C:\kp\src\fvs\Finvalda\fvs\FvsDuomenuTestasSum>hg upd 
0 files updated, 0 files merged, 0 files removed, 0 files unresolved

C:\kp\src\fvs\Finvalda\fvs\FvsDuomenuTestasSum>cd C:\kp\src\fvs\Finvalda\fvs\FvsExcel 

C:\kp\src\fvs\Finvalda\fvs\FvsExcel>hg pull 
pulling from C:\fvs\FvsExcel
searching for changes
no changes found

C:\kp\src\fvs\Finvalda\fvs\FvsExcel>hg upd 
0 files updated, 0 files merged, 0 files removed, 0 files unresolved

C:\kp\src\fvs\Finvalda\fvs\FvsExcel>cd F:\kp\src\fvs\Finvalda\fvs\FvsExcel 

C:\kp\src\fvs\Finvalda\fvs\FvsExcel>hg pull 
pulling from C:\fvs\FvsExcel
searching for changes
no changes found

C:\kp\src\fvs\Finvalda\fvs\FvsExcel>hg upd 
0 files updated, 0 files merged, 0 files removed, 0 files unresolved

C:\kp\src\fvs\Finvalda\fvs\FvsExcel>cd C:\kp\src\fvs\Finvalda\fvs\FvsExcel\FvsLib 

C:\kp\src\fvs\Finvalda\fvs\FvsExcel\FvsLib>hg pull 
pulling from C:\fvs\FvsExcel\FvsLib
searching for changes
no changes found

C:\kp\src\fvs\Finvalda\fvs\FvsExcel\FvsLib>hg upd 
0 files updated, 0 files merged, 0 files removed, 0 files unresolved

C:\kp\src\fvs\Finvalda\fvs\FvsExcel\FvsLib>cd F:\kp\src\fvs\Finvalda\fvs\FvsExcel\FvsLib 

C:\kp\src\fvs\Finvalda\fvs\FvsExcel\FvsLib>hg pull 
pulling from C:\fvs\FvsExcel\FvsLib
searching for changes
no changes found

C:\kp\src\fvs\Finvalda\fvs\FvsExcel\FvsLib>hg upd 
0 files updated, 0 files merged, 0 files removed, 0 files unresolved

C:\kp\src\fvs\Finvalda\fvs\FvsExcel\FvsLib>cd C:\kp\src\fvs\Finvalda\fvs\FvsExcelUtils 

C:\kp\src\fvs\Finvalda\fvs\FvsExcelUtils>hg pull 
pulling from C:\fvs\FvsExcelUtils
searching for changes
no changes found

C:\kp\src\fvs\Finvalda\fvs\FvsExcelUtils>hg upd 
0 files updated, 0 files merged, 0 files removed, 0 files unresolved

C:\kp\src\fvs\Finvalda\fvs\FvsExcelUtils>cd F:\kp\src\fvs\Finvalda\fvs\FvsExcelUtils 

C:\kp\src\fvs\Finvalda\fvs\FvsExcelUtils>hg pull 
pulling from C:\fvs\FvsExcelUtils
searching for changes
no changes found

C:\kp\src\fvs\Finvalda\fvs\FvsExcelUtils>hg upd 
0 files updated, 0 files merged, 0 files removed, 0 files unresolved

C:\kp\src\fvs\Finvalda\fvs\FvsExcelUtils>cd C:\kp\src\fvs\Finvalda\fvs\fvsfdbs 

C:\kp\src\fvs\Finvalda\fvs\fvsfdbs>hg pull 
pulling from C:\fvs\fvsfdbs
searching for changes
no changes found

C:\kp\src\fvs\Finvalda\fvs\fvsfdbs>hg upd 
0 files updated, 0 files merged, 0 files removed, 0 files unresolved

C:\kp\src\fvs\Finvalda\fvs\fvsfdbs>cd F:\kp\src\fvs\Finvalda\fvs\fvsfdbs 

C:\kp\src\fvs\Finvalda\fvs\fvsfdbs>hg pull 
pulling from C:\fvs\fvsfdbs
searching for changes
no changes found

C:\kp\src\fvs\Finvalda\fvs\fvsfdbs>hg upd 
0 files updated, 0 files merged, 0 files removed, 0 files unresolved

C:\kp\src\fvs\Finvalda\fvs\fvsfdbs>cd C:\kp\src\fvs\Finvalda\fvs\FvsImportXmlFromPegasas 

C:\kp\src\fvs\Finvalda\fvs\FvsImportXmlFromPegasas>hg pull 
pulling from C:\fvs\FvsImportXmlFromPegasas
searching for changes
no changes found

C:\kp\src\fvs\Finvalda\fvs\FvsImportXmlFromPegasas>hg upd 
0 files updated, 0 files merged, 0 files removed, 0 files unresolved

C:\kp\src\fvs\Finvalda\fvs\FvsImportXmlFromPegasas>cd F:\kp\src\fvs\Finvalda\fvs\FvsImportXmlFromPegasas 

C:\kp\src\fvs\Finvalda\fvs\FvsImportXmlFromPegasas>hg pull 
pulling from C:\fvs\FvsImportXmlFromPegasas
searching for changes
no changes found

C:\kp\src\fvs\Finvalda\fvs\FvsImportXmlFromPegasas>hg upd 
0 files updated, 0 files merged, 0 files removed, 0 files unresolved

C:\kp\src\fvs\Finvalda\fvs\FvsImportXmlFromPegasas>cd C:\kp\src\fvs\Finvalda\fvs\FvsImportXmlFromPegasas\FvsLib 

C:\kp\src\fvs\Finvalda\fvs\FvsImportXmlFromPegasas\FvsLib>hg pull 
pulling from C:\fvs\FvsImportXmlFromPegasas\FvsLib
searching for changes
no changes found

C:\kp\src\fvs\Finvalda\fvs\FvsImportXmlFromPegasas\FvsLib>hg upd 
0 files updated, 0 files merged, 0 files removed, 0 files unresolved

C:\kp\src\fvs\Finvalda\fvs\FvsImportXmlFromPegasas\FvsLib>cd F:\kp\src\fvs\Finvalda\fvs\FvsImportXmlFromPegasas\FvsLib 

C:\kp\src\fvs\Finvalda\fvs\FvsImportXmlFromPegasas\FvsLib>hg pull 
pulling from C:\fvs\FvsImportXmlFromPegasas\FvsLib
searching for changes
no changes found

C:\kp\src\fvs\Finvalda\fvs\FvsImportXmlFromPegasas\FvsLib>hg upd 
0 files updated, 0 files merged, 0 files removed, 0 files unresolved

C:\kp\src\fvs\Finvalda\fvs\FvsImportXmlFromPegasas\FvsLib>cd C:\kp\src\fvs\Finvalda\fvs\FvsImportXmlFromPegasasVerb 

C:\kp\src\fvs\Finvalda\fvs\FvsImportXmlFromPegasasVerb>hg pull 
pulling from C:\fvs\FvsImportXmlFromPegasasVerb
searching for changes
no changes found

C:\kp\src\fvs\Finvalda\fvs\FvsImportXmlFromPegasasVerb>hg upd 
0 files updated, 0 files merged, 0 files removed, 0 files unresolved

C:\kp\src\fvs\Finvalda\fvs\FvsImportXmlFromPegasasVerb>cd F:\kp\src\fvs\Finvalda\fvs\FvsImportXmlFromPegasasVerb 

C:\kp\src\fvs\Finvalda\fvs\FvsImportXmlFromPegasasVerb>hg pull 
pulling from C:\fvs\FvsImportXmlFromPegasasVerb
searching for changes
no changes found

C:\kp\src\fvs\Finvalda\fvs\FvsImportXmlFromPegasasVerb>hg upd 
0 files updated, 0 files merged, 0 files removed, 0 files unresolved

C:\kp\src\fvs\Finvalda\fvs\FvsImportXmlFromPegasasVerb>cd C:\kp\src\fvs\Finvalda\fvs\FvsImportXmlFromPegasasVerb\FvsLib 

C:\kp\src\fvs\Finvalda\fvs\FvsImportXmlFromPegasasVerb\FvsLib>hg pull 
pulling from C:\fvs\FvsImportXmlFromPegasasVerb\FvsLib
searching for changes
no changes found

C:\kp\src\fvs\Finvalda\fvs\FvsImportXmlFromPegasasVerb\FvsLib>hg upd 
0 files updated, 0 files merged, 0 files removed, 0 files unresolved

C:\kp\src\fvs\Finvalda\fvs\FvsImportXmlFromPegasasVerb\FvsLib>cd F:\kp\src\fvs\Finvalda\fvs\FvsImportXmlFromPegasasVerb\FvsLib 

C:\kp\src\fvs\Finvalda\fvs\FvsImportXmlFromPegasasVerb\FvsLib>hg pull 
pulling from C:\fvs\FvsImportXmlFromPegasasVerb\FvsLib
searching for changes
no changes found

C:\kp\src\fvs\Finvalda\fvs\FvsImportXmlFromPegasasVerb\FvsLib>hg upd 
0 files updated, 0 files merged, 0 files removed, 0 files unresolved

C:\kp\src\fvs\Finvalda\fvs\FvsImportXmlFromPegasasVerb\FvsLib>cd C:\kp\src\fvs\Finvalda\fvs\FvsLib 

C:\kp\src\fvs\Finvalda\fvs\FvsLib>hg pull 
pulling from C:\fvs\FvsLib
searching for changes
no changes found

C:\kp\src\fvs\Finvalda\fvs\FvsLib>hg upd 
0 files updated, 0 files merged, 0 files removed, 0 files unresolved

C:\kp\src\fvs\Finvalda\fvs\FvsLib>cd F:\kp\src\fvs\Finvalda\fvs\FvsLib 

C:\kp\src\fvs\Finvalda\fvs\FvsLib>hg pull 
pulling from C:\fvs\FvsLib
searching for changes
no changes found

C:\kp\src\fvs\Finvalda\fvs\FvsLib>hg upd 
0 files updated, 0 files merged, 0 files removed, 0 files unresolved

C:\kp\src\fvs\Finvalda\fvs\FvsLib>cd C:\kp\src\fvs\Finvalda\fvs\FVSLOG 

C:\kp\src\fvs\Finvalda\fvs\FVSLOG>hg pull 
pulling from C:\fvs\FVSLOG
searching for changes
no changes found

C:\kp\src\fvs\Finvalda\fvs\FVSLOG>hg upd 
0 files updated, 0 files merged, 0 files removed, 0 files unresolved

C:\kp\src\fvs\Finvalda\fvs\FVSLOG>cd F:\kp\src\fvs\Finvalda\fvs\FVSLOG 

C:\kp\src\fvs\Finvalda\fvs\FVSLOG>hg pull 
pulling from C:\fvs\FVSLOG
searching for changes
no changes found

C:\kp\src\fvs\Finvalda\fvs\FVSLOG>hg upd 
0 files updated, 0 files merged, 0 files removed, 0 files unresolved

C:\kp\src\fvs\Finvalda\fvs\FVSLOG>cd C:\kp\src\fvs\Finvalda\fvs\FvsMail 

C:\kp\src\fvs\Finvalda\fvs\FvsMail>hg pull 
pulling from C:\fvs\FvsMail
searching for changes
no changes found

C:\kp\src\fvs\Finvalda\fvs\FvsMail>hg upd 
0 files updated, 0 files merged, 0 files removed, 0 files unresolved

C:\kp\src\fvs\Finvalda\fvs\FvsMail>cd F:\kp\src\fvs\Finvalda\fvs\FvsMail 

C:\kp\src\fvs\Finvalda\fvs\FvsMail>hg pull 
pulling from C:\fvs\FvsMail
searching for changes
no changes found

C:\kp\src\fvs\Finvalda\fvs\FvsMail>hg upd 
0 files updated, 0 files merged, 0 files removed, 0 files unresolved

C:\kp\src\fvs\Finvalda\fvs\FvsMail>cd C:\kp\src\fvs\Finvalda\fvs\FvsNETParamKonfig 

C:\kp\src\fvs\Finvalda\fvs\FvsNETParamKonfig>hg pull 
pulling from C:\fvs\FvsNETParamKonfig
searching for changes
no changes found

C:\kp\src\fvs\Finvalda\fvs\FvsNETParamKonfig>hg upd 
0 files updated, 0 files merged, 0 files removed, 0 files unresolved

C:\kp\src\fvs\Finvalda\fvs\FvsNETParamKonfig>cd F:\kp\src\fvs\Finvalda\fvs\FvsNETParamKonfig 

C:\kp\src\fvs\Finvalda\fvs\FvsNETParamKonfig>hg pull 
pulling from C:\fvs\FvsNETParamKonfig
searching for changes
no changes found

C:\kp\src\fvs\Finvalda\fvs\FvsNETParamKonfig>hg upd 
0 files updated, 0 files merged, 0 files removed, 0 files unresolved

C:\kp\src\fvs\Finvalda\fvs\FvsNETParamKonfig>cd C:\kp\src\fvs\Finvalda\fvs\FvsOAdbF 

C:\kp\src\fvs\Finvalda\fvs\FvsOAdbF>hg pull 
pulling from C:\fvs\FvsOAdbF
searching for changes
no changes found

C:\kp\src\fvs\Finvalda\fvs\FvsOAdbF>hg upd 
0 files updated, 0 files merged, 0 files removed, 0 files unresolved

C:\kp\src\fvs\Finvalda\fvs\FvsOAdbF>cd F:\kp\src\fvs\Finvalda\fvs\FvsOAdbF 

C:\kp\src\fvs\Finvalda\fvs\FvsOAdbF>hg pull 
pulling from C:\fvs\FvsOAdbF
searching for changes
no changes found

C:\kp\src\fvs\Finvalda\fvs\FvsOAdbF>hg upd 
0 files updated, 0 files merged, 0 files removed, 0 files unresolved

C:\kp\src\fvs\Finvalda\fvs\FvsOAdbF>cd C:\kp\src\fvs\Finvalda\fvs\FvsRezToPard 

C:\kp\src\fvs\Finvalda\fvs\FvsRezToPard>hg pull 
pulling from C:\fvs\FvsRezToPard
searching for changes
no changes found

C:\kp\src\fvs\Finvalda\fvs\FvsRezToPard>hg upd 
0 files updated, 0 files merged, 0 files removed, 0 files unresolved

C:\kp\src\fvs\Finvalda\fvs\FvsRezToPard>cd F:\kp\src\fvs\Finvalda\fvs\FvsRezToPard 

C:\kp\src\fvs\Finvalda\fvs\FvsRezToPard>hg pull 
pulling from C:\fvs\FvsRezToPard
searching for changes
no changes found

C:\kp\src\fvs\Finvalda\fvs\FvsRezToPard>hg upd 
0 files updated, 0 files merged, 0 files removed, 0 files unresolved

C:\kp\src\fvs\Finvalda\fvs\FvsRezToPard>cd C:\kp\src\fvs\Finvalda\fvs\FvsSendDiagMsg 

C:\kp\src\fvs\Finvalda\fvs\FvsSendDiagMsg>hg pull 
pulling from C:\fvs\FvsSendDiagMsg
searching for changes
no changes found

C:\kp\src\fvs\Finvalda\fvs\FvsSendDiagMsg>hg upd 
0 files updated, 0 files merged, 0 files removed, 0 files unresolved

C:\kp\src\fvs\Finvalda\fvs\FvsSendDiagMsg>cd F:\kp\src\fvs\Finvalda\fvs\FvsSendDiagMsg 

C:\kp\src\fvs\Finvalda\fvs\FvsSendDiagMsg>hg pull 
pulling from C:\fvs\FvsSendDiagMsg
searching for changes
no changes found

C:\kp\src\fvs\Finvalda\fvs\FvsSendDiagMsg>hg upd 
0 files updated, 0 files merged, 0 files removed, 0 files unresolved

C:\kp\src\fvs\Finvalda\fvs\FvsSendDiagMsg>cd C:\kp\src\fvs\Finvalda\fvs\FvsSendMailFromExcel 

C:\kp\src\fvs\Finvalda\fvs\FvsSendMailFromExcel>hg pull 
pulling from C:\fvs\FvsSendMailFromExcel
searching for changes
no changes found

C:\kp\src\fvs\Finvalda\fvs\FvsSendMailFromExcel>hg upd 
0 files updated, 0 files merged, 0 files removed, 0 files unresolved

C:\kp\src\fvs\Finvalda\fvs\FvsSendMailFromExcel>cd F:\kp\src\fvs\Finvalda\fvs\FvsSendMailFromExcel 

C:\kp\src\fvs\Finvalda\fvs\FvsSendMailFromExcel>hg pull 
pulling from C:\fvs\FvsSendMailFromExcel
searching for changes
no changes found

C:\kp\src\fvs\Finvalda\fvs\FvsSendMailFromExcel>hg upd 
0 files updated, 0 files merged, 0 files removed, 0 files unresolved

C:\kp\src\fvs\Finvalda\fvs\FvsSendMailFromExcel>cd C:\kp\src\fvs\Finvalda\fvs\FvsTestCalcPirkOpSkola 

C:\kp\src\fvs\Finvalda\fvs\FvsTestCalcPirkOpSkola>hg pull 
pulling from C:\fvs\FvsTestCalcPirkOpSkola
searching for changes
no changes found

C:\kp\src\fvs\Finvalda\fvs\FvsTestCalcPirkOpSkola>hg upd 
0 files updated, 0 files merged, 0 files removed, 0 files unresolved

C:\kp\src\fvs\Finvalda\fvs\FvsTestCalcPirkOpSkola>cd F:\kp\src\fvs\Finvalda\fvs\FvsTestCalcPirkOpSkola 

C:\kp\src\fvs\Finvalda\fvs\FvsTestCalcPirkOpSkola>hg pull 
pulling from C:\fvs\FvsTestCalcPirkOpSkola
searching for changes
no changes found

C:\kp\src\fvs\Finvalda\fvs\FvsTestCalcPirkOpSkola>hg upd 
0 files updated, 0 files merged, 0 files removed, 0 files unresolved

C:\kp\src\fvs\Finvalda\fvs\FvsTestCalcPirkOpSkola>cd C:\kp\src\fvs\Finvalda\fvs\FvsTestCalcPirkOpSkola\FvsLib 

C:\kp\src\fvs\Finvalda\fvs\FvsTestCalcPirkOpSkola\FvsLib>hg pull 
pulling from C:\fvs\FvsTestCalcPirkOpSkola\FvsLib
searching for changes
no changes found

C:\kp\src\fvs\Finvalda\fvs\FvsTestCalcPirkOpSkola\FvsLib>hg upd 
0 files updated, 0 files merged, 0 files removed, 0 files unresolved

C:\kp\src\fvs\Finvalda\fvs\FvsTestCalcPirkOpSkola\FvsLib>cd F:\kp\src\fvs\Finvalda\fvs\FvsTestCalcPirkOpSkola\FvsLib 

C:\kp\src\fvs\Finvalda\fvs\FvsTestCalcPirkOpSkola\FvsLib>hg pull 
pulling from C:\fvs\FvsTestCalcPirkOpSkola\FvsLib
searching for changes
no changes found

C:\kp\src\fvs\Finvalda\fvs\FvsTestCalcPirkOpSkola\FvsLib>hg upd 
0 files updated, 0 files merged, 0 files removed, 0 files unresolved

C:\kp\src\fvs\Finvalda\fvs\FvsTestCalcPirkOpSkola\FvsLib>cd C:\kp\src\fvs\Finvalda\fvs\fvsutils 

C:\kp\src\fvs\Finvalda\fvs\fvsutils>hg pull 
pulling from C:\fvs\fvsutils
searching for changes
no changes found

C:\kp\src\fvs\Finvalda\fvs\fvsutils>hg upd 
0 files updated, 0 files merged, 0 files removed, 0 files unresolved

C:\kp\src\fvs\Finvalda\fvs\fvsutils>cd F:\kp\src\fvs\Finvalda\fvs\fvsutils 

C:\kp\src\fvs\Finvalda\fvs\fvsutils>hg pull 
pulling from C:\fvs\fvsutils
searching for changes
no changes found

C:\kp\src\fvs\Finvalda\fvs\fvsutils>hg upd 
0 files updated, 0 files merged, 0 files removed, 0 files unresolved

C:\kp\src\fvs\Finvalda\fvs\fvsutils>cd C:\kp\src\fvs\Finvalda\fvs\FvsWrapper 

C:\kp\src\fvs\Finvalda\fvs\FvsWrapper>hg pull 
pulling from C:\fvs\FvsWrapper
searching for changes
no changes found

C:\kp\src\fvs\Finvalda\fvs\FvsWrapper>hg upd 
0 files updated, 0 files merged, 0 files removed, 0 files unresolved

C:\kp\src\fvs\Finvalda\fvs\FvsWrapper>cd F:\kp\src\fvs\Finvalda\fvs\FvsWrapper 

C:\kp\src\fvs\Finvalda\fvs\FvsWrapper>hg pull 
pulling from C:\fvs\FvsWrapper
searching for changes
no changes found

C:\kp\src\fvs\Finvalda\fvs\FvsWrapper>hg upd 
0 files updated, 0 files merged, 0 files removed, 0 files unresolved

C:\kp\src\fvs\Finvalda\fvs\FvsWrapper>cd C:\kp\src\fvs\Finvalda\fvs\Include 

C:\kp\src\fvs\Finvalda\fvs\Include>hg pull 
pulling from C:\fvs\Include
searching for changes
no changes found

C:\kp\src\fvs\Finvalda\fvs\Include>hg upd 
0 files updated, 0 files merged, 0 files removed, 0 files unresolved

C:\kp\src\fvs\Finvalda\fvs\Include>cd F:\kp\src\fvs\Finvalda\fvs\Include 

C:\kp\src\fvs\Finvalda\fvs\Include>hg pull 
pulling from C:\fvs\Include
searching for changes
no changes found

C:\kp\src\fvs\Finvalda\fvs\Include>hg upd 
0 files updated, 0 files merged, 0 files removed, 0 files unresolved

C:\kp\src\fvs\Finvalda\fvs\Include>cd C:\kp\src\fvs\Finvalda\fvs\lib 

C:\kp\src\fvs\Finvalda\fvs\lib>hg pull 
pulling from C:\fvs\lib
searching for changes
no changes found

C:\kp\src\fvs\Finvalda\fvs\lib>hg upd 
0 files updated, 0 files merged, 0 files removed, 0 files unresolved

C:\kp\src\fvs\Finvalda\fvs\lib>cd F:\kp\src\fvs\Finvalda\fvs\lib 

C:\kp\src\fvs\Finvalda\fvs\lib>hg pull 
pulling from C:\fvs\lib
searching for changes
no changes found

C:\kp\src\fvs\Finvalda\fvs\lib>hg upd 
0 files updated, 0 files merged, 0 files removed, 0 files unresolved

C:\kp\src\fvs\Finvalda\fvs\lib>cd C:\kp\src\fvs\Finvalda\fvs\NetTools 

C:\kp\src\fvs\Finvalda\fvs\NetTools>hg pull 
pulling from C:\fvs\NetTools
searching for changes
no changes found

C:\kp\src\fvs\Finvalda\fvs\NetTools>hg upd 
0 files updated, 0 files merged, 0 files removed, 0 files unresolved

C:\kp\src\fvs\Finvalda\fvs\NetTools>cd F:\kp\src\fvs\Finvalda\fvs\NetTools 

C:\kp\src\fvs\Finvalda\fvs\NetTools>hg pull 
pulling from C:\fvs\NetTools
searching for changes
no changes found

C:\kp\src\fvs\Finvalda\fvs\NetTools>hg upd 
0 files updated, 0 files merged, 0 files removed, 0 files unresolved

C:\kp\src\fvs\Finvalda\fvs\NetTools>cd C:\kp\src\fvs\Finvalda\fvs\REFERENCES 

C:\kp\src\fvs\Finvalda\fvs\REFERENCES>hg pull 
pulling from C:\fvs\REFERENCES
searching for changes
no changes found

C:\kp\src\fvs\Finvalda\fvs\REFERENCES>hg upd 
0 files updated, 0 files merged, 0 files removed, 0 files unresolved

C:\kp\src\fvs\Finvalda\fvs\REFERENCES>cd F:\kp\src\fvs\Finvalda\fvs\REFERENCES 

C:\kp\src\fvs\Finvalda\fvs\REFERENCES>hg pull 
pulling from C:\fvs\REFERENCES
searching for changes
no changes found

C:\kp\src\fvs\Finvalda\fvs\REFERENCES>hg upd 
0 files updated, 0 files merged, 0 files removed, 0 files unresolved

C:\kp\src\fvs\Finvalda\fvs\REFERENCES>del kpsgrp00.bat 

Group macro


