
F:\kp\source>grep.exe KP_WARNING F:\kp\source\common\kpcurdat.cpp 

F:\kp\source>grep.exe KP_WARNING F:\kp\source\common\Diskid32.cpp 

F:\kp\source>grep.exe KP_WARNING F:\kp\source\common\exportreg.cpp 

F:\kp\source>grep.exe KP_WARNING F:\kp\source\common\kpapp.cpp 

F:\kp\source>grep.exe KP_WARNING F:\kp\source\common\KpAppDialog.cpp 

F:\kp\source>grep.exe KP_WARNING F:\kp\source\common\Kpcapp.cpp 

F:\kp\source>grep.exe KP_WARNING F:\kp\source\common\Kpcons.cpp 

F:\kp\source>grep.exe KP_WARNING F:\kp\source\common\Kpctype.cpp 

F:\kp\source>grep.exe KP_WARNING F:\kp\source\common\Kperr.cpp 

F:\kp\source>grep.exe KP_WARNING F:\kp\source\common\KPERR0.CPP 

F:\kp\source>grep.exe KP_WARNING F:\kp\source\common\KpFileSys.cpp 

F:\kp\source>grep.exe KP_WARNING F:\kp\source\common\KpPubDlg.cpp 

F:\kp\source>grep.exe KP_WARNING F:\kp\source\common\kpmkcdat.cpp 

F:\kp\source>grep.exe KP_WARNING F:\kp\source\common\Kpstdio.cpp 
         KP_WARNING(KP_E_SYSTEM_ERROR, user_fmask);

F:\kp\source>grep.exe KP_WARNING F:\kp\source\common\Kpstdlib.cpp 
                           KP_WARNING(retc, src_fname);
                           KP_WARNING(retc, dst_fname);

F:\kp\source>grep.exe KP_WARNING F:\kp\source\common\KpRichEd.cpp 

F:\kp\source>grep.exe KP_WARNING F:\kp\source\common\Kpsort.cpp 

F:\kp\source>grep.exe KP_WARNING F:\kp\source\common\Kpwindow.cpp 
            KP_WARNING(retc0, retw);
         KP_WARNING(retc0, null);
            KP_WARNING(retc0, retw);
         KP_WARNING(retc0, retw);
         if(ll != ERROR_CLASS_ALREADY_EXISTS) KP_WARNING(KP_E_SYSTEM_ERROR, ll);
// KP_WARNING(S_OK, (uMsg == WM_CLOSE)?"KpStShBmpProc(): WM_CLOSE":((uMsg == WM_DESTROY)?"KpStShBmpProc(): WM_DESTROY":"KpStShBmpProc(): WM_QUIT"));
                     KP_WARNING(E_INVALIDARG, null);
                     KP_WARNING(E_INVALIDARG, null);
            if(val_type == dwValType) KP_WARNING(KP_E_KWD_NOT_FOUND, null);
            if(retw != ERROR_SUCCESS) KP_WARNING(KP_E_FERROR, retw);

F:\kp\source>grep.exe KP_WARNING F:\kp\source\common\Kpstring.cpp 

F:\kp\source>grep.exe KP_WARNING F:\kp\source\common\kptree.cpp 

F:\kp\source>grep.exe KP_WARNING F:\kp\source\common\kpwinnt.cpp 

F:\kp\source>grep.exe KP_WARNING F:\kp\source\common\KpWinVer.cpp 

F:\kp\source>grep.exe KP_WARNING F:\kp\source\common\delreg.cpp 

F:\kp\source>grep.exe KP_WARNING F:\kp\source\common\nafxcwd.cpp 

F:\kp\source>grep.exe KP_WARNING F:\kp\source\common\KPSOCK.CPP 
         KP_WARNING(KP_E_NO_CONN, null);
         KP_WARNING(KP_E_NO_CONN, null);
         KP_WARNING(KP_E_NO_CONN, null);
   if(FAILED(retc)){ if(bOutMsg) KP_ERROR(retc, null) else KP_WARNING0(retc, null);}
//                      KP_WARNING(retv, pnts); // KpErrorProc.OutputErrorMessage(retc, pnts, bOutMsg, __FILE__, __LINE__, 0L);

F:\kp\source>grep.exe KP_WARNING F:\kp\source\common\main.cpp 

F:\kp\source>grep.exe KP_WARNING F:\kp\source\common\StdAfx.cpp 

F:\kp\source>grep.exe KP_WARNING F:\kp\source\kpcdevel\kpprofile.cpp 

F:\kp\source>grep.exe KP_WARNING F:\kp\source\kpd\DISKID32\DISKID32.CPP 

F:\kp\source>grep.exe KP_WARNING F:\kp\source\kpdard\kpdard.cpp 

F:\kp\source>grep.exe KP_WARNING F:\kp\source\kpdard\KPDCDP.CPP 

F:\kp\source>grep.exe KP_WARNING F:\kp\source\kpg\kpgspt.cpp 

F:\kp\source>grep.exe KP_WARNING F:\kp\source\kphp11\Kphp11.cpp 

F:\kp\source>grep.exe KP_WARNING F:\kp\source\kphp11\Kphp1152.cpp 

F:\kp\source>grep.exe KP_WARNING F:\kp\source\kphp11\Kphp11d.cpp 

F:\kp\source>grep.exe KP_WARNING F:\kp\source\kphp11\Kphp11m.cpp 

F:\kp\source>grep.exe KP_WARNING F:\kp\source\kphp11\Kphp11mz.cpp 

F:\kp\source>grep.exe KP_WARNING F:\kp\source\kphp11\Kphp11p.cpp 

F:\kp\source>grep.exe KP_WARNING F:\kp\source\kphp11\Kphp11rc.cpp 

F:\kp\source>grep.exe KP_WARNING F:\kp\source\kphp11\Kphp11ry.cpp 

F:\kp\source>grep.exe KP_WARNING F:\kp\source\kphp11\Kphp11s.cpp 

F:\kp\source>grep.exe KP_WARNING F:\kp\source\kphp11\Kphp11t.cpp 
            KP_WARNING0(KP_E_TIMEOUT, null);
                  KP_WARNING(KP_E_TIMEOUT, null);
                  KP_WARNING(KP_E_TIMEOUT, null);

F:\kp\source>grep.exe KP_WARNING F:\kp\source\kphp11\Kphp11tt.cpp 

F:\kp\source>grep.exe KP_WARNING F:\kp\source\kphp11\Kphp11w.cpp 

F:\kp\source>grep.exe KP_WARNING F:\kp\source\kphp11\KPHP11w1.CPP 

F:\kp\source>grep.exe KP_WARNING F:\kp\source\kphp11\Kphp11y.cpp 

F:\kp\source>grep.exe KP_WARNING F:\kp\source\kphp11\Kphp11yd.cpp 

F:\kp\source>grep.exe KP_WARNING F:\kp\source\kphp11\KPHP1D.CPP 

F:\kp\source>grep.exe KP_WARNING F:\kp\source\kphp11\KPHP1E.CPP 

F:\kp\source>grep.exe KP_WARNING F:\kp\source\kphp11\KPHP1M.CPP 

F:\kp\source>grep.exe KP_WARNING F:\kp\source\kphp11\KPHP1P.CPP 

F:\kp\source>grep.exe KP_WARNING F:\kp\source\kphp11\KPHP1Y.CPP 

F:\kp\source>grep.exe KP_WARNING F:\kp\source\kpn\gyvulys.cpp 

F:\kp\source>grep.exe KP_WARNING F:\kp\source\kpn\hello.cpp 

F:\kp\source>grep.exe KP_WARNING F:\kp\source\kpn\Kpnfor.cpp 

F:\kp\source>grep.exe KP_WARNING F:\kp\source\kpn\kpnfor1.cpp 

F:\kp\source>grep.exe KP_WARNING F:\kp\source\kpn\kpnpirm.cpp 

F:\kp\source>grep.exe KP_WARNING F:\kp\source\kpn\mdiclient.cpp 

F:\kp\source>grep.exe KP_WARNING F:\kp\source\kprgdl\kprgdl.cpp 

F:\kp\source>grep.exe KP_WARNING F:\kp\source\kprgdl\kprgdl_old.cpp 

F:\kp\source>grep.exe KP_WARNING F:\kp\source\kps\InitAcro60.cpp 

F:\kp\source>grep.exe KP_WARNING F:\kp\source\kps\InitAcro70.cpp 

F:\kp\source>grep.exe KP_WARNING F:\kp\source\kps\kpn1.cpp 

F:\kp\source>grep.exe KP_WARNING F:\kp\source\kps\kpscalc.cpp 

F:\kp\source>grep.exe KP_WARNING F:\kp\source\kps\KPSDMP2.cpp 

F:\kp\source>grep.exe KP_WARNING F:\kp\source\kps\kpsdmprt.cpp 

F:\kp\source>grep.exe KP_WARNING F:\kp\source\kps\Kpsdup2.cpp 

F:\kp\source>grep.exe KP_WARNING F:\kp\source\kps\kpseta.cpp 

F:\kp\source>grep.exe KP_WARNING F:\kp\source\kps\KPSfsz.cpp 

F:\kp\source>grep.exe KP_WARNING F:\kp\source\kps\kpsgdt.cpp 

F:\kp\source>grep.exe KP_WARNING F:\kp\source\kps\KPSGRM.CPP 

F:\kp\source>grep.exe KP_WARNING F:\kp\source\kps\KPSGRP.CPP 

F:\kp\source>grep.exe KP_WARNING F:\kp\source\kps\kpsgtkey.cpp 

F:\kp\source>grep.exe KP_WARNING F:\kp\source\kps\kpsleep.cpp 

F:\kp\source>grep.exe KP_WARNING F:\kp\source\kps\KPSMNFRM.CPP 

F:\kp\source>grep.exe KP_WARNING F:\kp\source\kps\kpsqenc.cpp 

F:\kp\source>grep.exe KP_WARNING F:\kp\source\kps\kpsrlt.cpp 

F:\kp\source>grep.exe KP_WARNING F:\kp\source\kps\kpst0_ini.cpp 

F:\kp\source>grep.exe KP_WARNING F:\kp\source\kps\kpstaf.cpp 

F:\kp\source>grep.exe KP_WARNING F:\kp\source\kps\kpstape.cpp 

F:\kp\source>grep.exe KP_WARNING F:\kp\source\kps\kpstolow.cpp 

F:\kp\source>grep.exe KP_WARNING F:\kp\source\kps\Kpsymd.cpp 

F:\kp\source>grep.exe KP_WARNING F:\kp\source\kps\settim.cpp 

F:\kp\source>grep.exe KP_WARNING F:\kp\source\kps\settim1.cpp 

F:\kp\source>grep.exe KP_WARNING F:\kp\source\kps\kpsmsg2.cpp 

F:\kp\source>grep.exe KP_WARNING F:\kp\source\kps\KPSlct.cpp 

F:\kp\source>grep.exe KP_WARNING F:\kp\source\kps\Kpstapa.cpp 

F:\kp\source>grep.exe KP_WARNING F:\kp\source\kps\Kpstap.cpp 
         if(FAILED(retc)) KP_WARNING0(retc, null); // einam lauk - viena instancija jau paleista
           KP_WARNING(retc0, null);
                  KP_WARNING(KP_E_TIMEOUT, null);
                  KP_WARNING(KP_E_TIMEOUT, null);
                     KP_WARNING(KP_E_TIMEOUT, null);
                     KP_WARNING(KP_E_TIMEOUT, null);
                     KP_WARNING(KP_E_TIMEOUT, null);
                     KP_WARNING(KP_E_TIMEOUT, null);
                     KP_WARNING(KP_E_TIMEOUT, null);
                     KP_WARNING(KP_E_TIMEOUT, null);
      else KP_WARNING(KP_E_SYSTEM_ERROR, null);
            KP_WARNING(KP_E_SYSTEM_ERROR, null);
            KP_WARNING(KP_E_SYSTEM_ERROR, null);
         KP_WARNING(KP_E_SYSTEM_ERROR, null);
               KP_WARNING(KP_E_TIMEOUT, null);
               KP_WARNING(KP_E_TIMEOUT, null);
//       KP_WARNING(KP_E_FILE_NOT_FOUND, fname)
            KP_WARNING(KP_E_FILE_FORMAT, lpszObjFileName);
         KP_WARNING(KP_E_TIMEOUT, null);
         KP_WARNING(KP_E_TIMEOUT, null);
      KP_WARNING(retc, null);
      KP_WARNING(retc, null);
         KP_WARNING(retc, null);

F:\kp\source>grep.exe KP_WARNING F:\kp\source\kps\Kpstapd.cpp 

F:\kp\source>grep.exe KP_WARNING F:\kp\source\kps\Kpstapl.cpp 

F:\kp\source>grep.exe KP_WARNING F:\kp\source\kps\Kpstapr.cpp 
KP_WARNING0(S_OK, str_buf);
KP_WARNING0(S_OK, str_buf);
KP_WARNING0(S_OK, str_buf);
KP_WARNING0(S_OK, str_buf);
KP_WARNING0(S_OK, str_buf);
      else if(FAILED(retc)) KP_WARNING(retc, null);
KP_WARNING0(S_OK, str_buf_1);
KP_WARNING0(S_OK, str_buf_1);
KP_WARNING0(S_OK, str_buf_1);
KP_WARNING0(S_OK, str_buf_1);
KP_WARNING0(S_OK, str_buf_1);
KP_WARNING0(S_OK, str_buf_1);
KP_WARNING0(S_OK, str_buf_1);
KP_WARNING0(S_OK, str_buf_1);
KP_WARNING0(S_OK, str_buf_1);
KP_WARNING0(S_OK, str_buf_1);
KP_WARNING0(S_OK, str_buf_1);
KP_WARNING0(S_OK, str_buf_1);
KP_WARNING0(S_OK, str_buf_1);
KP_WARNING0(S_OK, str_buf_1);
KP_WARNING0(S_OK, str_buf_1);
KP_WARNING0(S_OK, str_buf_1);
KP_WARNING(KP_E_TIMEOUT, KPST_ID_REST_DAYS_EXCEEDED);
// KP_WARNING(KP_E_TIMEOUT, KPST_ID_REST_DAYS_EXCEEDED);
                        if(FAILED(retc)) KP_WARNING0(retc, null);
// KP_WARNING(KP_E_TIMEOUT, KPST_ID_REST_DAYS_EXCEEDED);
// KP_WARNING(KP_E_TIMEOUT, KPST_ID_REST_DAYS_EXCEEDED);

F:\kp\source>grep.exe KP_WARNING F:\kp\source\kps\Kpstapu.cpp 

F:\kp\source>grep.exe KP_WARNING F:\kp\source\kpsmsg1\kpsmsg1.cpp 

F:\kp\source>grep.exe KP_WARNING F:\kp\source\kpstart\decfdf85.cpp 

F:\kp\source>grep.exe KP_WARNING F:\kp\source\kpstart\kplictst.cpp 

F:\kp\source>grep.exe KP_WARNING F:\kp\source\kpstart\kpsenc.cpp 

F:\kp\source>grep.exe KP_WARNING F:\kp\source\kpstart\kpsregu.cpp 

F:\kp\source>grep.exe KP_WARNING F:\kp\source\kpstart\kpstrpd.cpp 

F:\kp\source>grep.exe KP_WARNING F:\kp\source\kpstart\kpsobex.cpp 

F:\kp\source>grep.exe KP_WARNING F:\kp\source\kpstart\KPSTEDI.CPP 

F:\kp\source>grep.exe KP_WARNING F:\kp\source\kpstart\kpstart_ini.cpp 

F:\kp\source>grep.exe KP_WARNING F:\kp\source\kpstart\kpstcpr.cpp 

F:\kp\source>grep.exe KP_WARNING F:\kp\source\kpstart\kpstdlr.CPP 

F:\kp\source>grep.exe KP_WARNING F:\kp\source\kpstart\kpstedm.cpp 

F:\kp\source>grep.exe KP_WARNING F:\kp\source\kpstart\KPSTEMA.CPP 

F:\kp\source>grep.exe KP_WARNING F:\kp\source\kpstart\kpstest.cpp 

F:\kp\source>grep.exe KP_WARNING F:\kp\source\kpstart\kpstin.cpp 

F:\kp\source>grep.exe KP_WARNING F:\kp\source\kpstart\Kpstisvr.cpp 
            KP_WARNING(KP_E_TIMEOUT, "Klientas neatsiliepia");

F:\kp\source>grep.exe KP_WARNING F:\kp\source\kpstart\KPSTLSVI.CPP 

F:\kp\source>grep.exe KP_WARNING F:\kp\source\kpstart\kpstlsvr.cpp 

F:\kp\source>grep.exe KP_WARNING F:\kp\source\kpstart\kpstlsvu.cpp 

F:\kp\source>grep.exe KP_WARNING F:\kp\source\kpstart\kpstisvr_ini.cpp 

F:\kp\source>grep.exe KP_WARNING F:\kp\source\kpstart\kpstpl.cpp 

F:\kp\source>grep.exe KP_WARNING F:\kp\source\kpstart\kpstplx.cpp 

F:\kp\source>grep.exe KP_WARNING F:\kp\source\kpstart\kpstreg.cpp 

F:\kp\source>grep.exe KP_WARNING F:\kp\source\kpstart\Kpstresq.cpp 

F:\kp\source>grep.exe KP_WARNING F:\kp\source\kpstart\kpstrg.cpp 

F:\kp\source>grep.exe KP_WARNING F:\kp\source\kpstart\kpstrpr.cpp 

F:\kp\source>grep.exe KP_WARNING F:\kp\source\kpstart\kpstlsvr_ini.cpp 

F:\kp\source>grep.exe KP_WARNING F:\kp\source\kpstart\kpstrsvr.cpp 

F:\kp\source>grep.exe KP_WARNING F:\kp\source\kpstart\kpstset.cpp 

F:\kp\source>grep.exe KP_WARNING F:\kp\source\kpstart\kpstarc.cpp 

F:\kp\source>grep.exe KP_WARNING F:\kp\source\kpstart\kpsttrg.cpp 

F:\kp\source>grep.exe KP_WARNING F:\kp\source\kpstart\test_reg.cpp 

F:\kp\source>grep.exe KP_WARNING F:\kp\source\kpstart\kpsttsvr.cpp 

F:\kp\source>grep.exe KP_WARNING F:\kp\source\kpstart\kpstun.cpp 

F:\kp\source>grep.exe KP_WARNING F:\kp\source\kpstart\Kpstw.cpp 

F:\kp\source>grep.exe KP_WARNING F:\kp\source\kpstart\kpstreg_ini.cpp 

F:\kp\source>grep.exe KP_WARNING F:\kp\source\kpstart\main.cpp 

F:\kp\source>grep.exe KP_WARNING F:\kp\source\kpstart\rez.cpp 

F:\kp\source>grep.exe KP_WARNING F:\kp\source\kpstart\StartSel.cpp 
                     KP_WARNING(KP_E_FERROR, src_ptr);
                        KP_WARNING(KP_E_FERROR, src_ptr);
               if(FAILED(retc)) KP_WARNING(retc, arc_dir);
            KP_WARNING(False, KP_S_DIAG_MSG, null);

F:\kp\source>grep.exe KP_WARNING F:\kp\source\kpstart\test_bd.cpp 

F:\kp\source>grep.exe KP_WARNING F:\kp\source\kpstart\test_fl.cpp 

F:\kp\source>grep.exe KP_WARNING F:\kp\source\kpstart\test_md.cpp 

F:\kp\source>grep.exe KP_WARNING F:\kp\source\kpstart\TMGrpPrm.cpp 

F:\kp\source>grep.exe KP_WARNING F:\kp\source\kpstart\kpstsetn.cpp 

F:\kp\source>grep.exe KP_WARNING F:\kp\source\kpstart\setup_pl_1250_1.cpp 

F:\kp\source>grep.exe KP_WARNING F:\kp\source\kpstart\kpstsetfi.cpp 

F:\kp\source>grep.exe KP_WARNING F:\kp\source\kpstart\Kpstart.cpp 

F:\kp\source>grep.exe KP_WARNING F:\kp\source\kpstart\setup_pl_1257_1.cpp 

F:\kp\source>grep.exe KP_WARNING F:\kp\source\kpstart\Ascii85\A85.cpp 

F:\kp\source>grep.exe KP_WARNING F:\kp\source\kpstart\Ascii85\EncAtmKod.cpp 

F:\kp\source>grep.exe KP_WARNING F:\kp\source\kpstart\kpstart_flash\atmintukas.cpp 
         else KP_WARNING(KP_E_FILE_NOT_FOUND, interfaceDetailData->DevicePath);

F:\kp\source>grep.exe KP_WARNING F:\kp\source\kpstart\kpstart_flash\chkvol.cpp 

F:\kp\source>grep.exe KP_WARNING F:\kp\source\kpstart\kpstart_flash\flrawr.cpp 

F:\kp\source>grep.exe KP_WARNING F:\kp\source\kpstart\kpstart_flash\genatmc.cpp 

F:\kp\source>grep.exe KP_WARNING F:\kp\source\kpstart\kpstart_flash\kpstrtc.cpp 

F:\kp\source>grep.exe KP_WARNING F:\kp\source\kpstart\kpstart_flash\main.cpp 

F:\kp\source>grep.exe KP_WARNING F:\kp\source\kpstart\kpstart_flash\tc_exe_img.cpp 

F:\kp\source>grep.exe KP_WARNING F:\kp\source\kpstart\kpstart_flash\tc_sys_img.cpp 

F:\kp\source>grep.exe KP_WARNING F:\kp\source\kpstart\kpstart_flash\test_fl.cpp 

F:\kp\source>grep.exe KP_WARNING F:\kp\source\kpstart\kpstart_flash\unlock.cpp 

F:\kp\source>grep.exe KP_WARNING F:\kp\source\kpstart\kpstart_flash\setatf.cpp 

F:\kp\source>grep.exe KP_WARNING F:\kp\source\kpstart\kpstart_flash\setatm.cpp 

F:\kp\source>grep.exe KP_WARNING F:\kp\source\kpstart\kpstart_flash\SMI_SM3211BC1_I1020_P_091026\smi.cpp 

F:\kp\source>grep.exe KP_WARNING F:\kp\source\kpstart\new\StartSel.cpp 

F:\kp\source>grep.exe KP_WARNING F:\kp\source\kpstart\tux\tux_log_dec.cpp 

F:\kp\source>grep.exe KP_WARNING F:\kp\source\kpstart\tux\laiskai\400_mindaugas_files\InitAcro60.cpp 

F:\kp\source>grep.exe KP_WARNING F:\kp\source\kpstart\tux\laiskai\400_mindaugas_files\InitAcro70.cpp 

F:\kp\source>grep.exe KP_WARNING F:\kp\source\kpstart\tux\laiskai\klaida_gesinti_compatibility\InitAcro60.cpp 

F:\kp\source>grep.exe KP_WARNING F:\kp\source\kpstart\tux\laiskai\klaida_gesinti_compatibility\InitAcro70.cpp 

F:\kp\source>grep.exe KP_WARNING F:\kp\source\kpswct\KPSCLC.CPP 

F:\kp\source>grep.exe KP_WARNING F:\kp\source\kpswct\kpsekb.cpp 

F:\kp\source>grep.exe KP_WARNING F:\kp\source\kpswct\kpskbe.cpp 

F:\kp\source>grep.exe KP_WARNING F:\kp\source\kpswct\kpstrm.cpp 

F:\kp\source>grep.exe KP_WARNING F:\kp\source\kpswct\kpswct.cpp 

F:\kp\source>grep.exe KP_WARNING F:\kp\source\kpswct\kpswct_sav.cpp 

F:\kp\source>grep.exe KP_WARNING F:\kp\source\kpswct\kpswkl.cpp 

F:\kp\source>grep.exe KP_WARNING F:\kp\source\kpswct\kpswls.cpp 

F:\kp\source>grep.exe KP_WARNING F:\kp\source\kpt\kpt71tou.cpp 

F:\kp\source>grep.exe KP_WARNING F:\kp\source\kpt\Kptdpn9x.cpp 

F:\kp\source>grep.exe KP_WARNING F:\kp\source\kpt\KPTDPNLS.CPP 

F:\kp\source>grep.exe KP_WARNING F:\kp\source\kpt\KPTHP1.CPP 

F:\kp\source>grep.exe KP_WARNING F:\kp\source\kpt\Kptmkn9x.cpp 

F:\kp\source>grep.exe KP_WARNING F:\kp\source\kpt\KPTMKNLS.CPP 

F:\kp\source>grep.exe KP_WARNING F:\kp\source\kpt\Kptt2.cpp 

F:\kp\source>grep.exe KP_WARNING F:\kp\source\kpt\kpttbp.cpp 

F:\kp\source>grep.exe KP_WARNING F:\kp\source\kpt\Kpttuc.cpp 

F:\kp\source>grep.exe KP_WARNING F:\kp\source\kpt\Kpttucc.cpp 

F:\kp\source>grep.exe KP_WARNING F:\kp\source\kpt\KPTTUCD.CPP 

F:\kp\source>grep.exe KP_WARNING F:\kp\source\kpt\Kpttucf.cpp 

F:\kp\source>grep.exe KP_WARNING F:\kp\source\kpt\Kpttuc_ne_Vytis.cpp 

F:\kp\source>grep.exe KP_WARNING F:\kp\source\kpt\Kpttuc_norm.cpp 

F:\kp\source>grep.exe KP_WARNING F:\kp\source\kpt\Kpttul.cpp 

F:\kp\source>grep.exe KP_WARNING F:\kp\source\Tev\Tvmain.cpp 

F:\kp\source>grep.exe KP_WARNING F:\kp\source\Tev\arkim\arkim_2009.old\arkim_tev\naujas.cpp 

F:\kp\source>grep.exe KP_WARNING F:\kp\source\Tev\arkim\arkim_tev\naujas.cpp 

F:\kp\source>grep.exe KP_WARNING F:\kp\source\Tev\arkim\tevt\ArkSh_ini.cpp 

F:\kp\source>grep.exe KP_WARNING F:\kp\source\Tev\arkim\tevt\ark_h2h.cpp 
               if(tag_pars == NULL) KP_WARNING(KP_E_FILE_FORMAT, null)
                  if(FAILED(retc)) KP_WARNING(retc, null)
                     if(FAILED(retc)) KP_WARNING(retc, null)
               if(tag_pars == NULL) KP_WARNING(KP_E_FILE_FORMAT, null)
                  if(FAILED(retc)) KP_WARNING(retc, null)
                     if(FAILED(retc)) KP_WARNING(retc, null)
               if(tag_pars == NULL) KP_WARNING(KP_E_FILE_FORMAT, null)
                  if(FAILED(retc)) KP_WARNING(retc, null)

F:\kp\source>grep.exe KP_WARNING F:\kp\source\Tev\iBook\iBarc.cpp 

F:\kp\source>grep.exe KP_WARNING F:\kp\source\Tev\iBook\iBsh_ini.cpp 

F:\kp\source>grep.exe KP_WARNING F:\kp\source\Tev\iBook\iBsh.cpp 

F:\kp\source>grep.exe KP_WARNING F:\kp\source\Tev\iBook\iBsht.CPP 
               if(tag_pars == NULL) KP_WARNING(KP_E_FILE_FORMAT, null)
                  if(FAILED(retc)) KP_WARNING(retc, null)
                     if(FAILED(retc)) KP_WARNING(retc, null)

F:\kp\source>grep.exe KP_WARNING F:\kp\source\Tev\iBook\iBshl.cpp 
         KP_WARNING(KP_E_SYSTEM_ERROR, GetLastError());
         KP_WARNING(KP_E_SYSTEM_ERROR, GetLastError());
         KP_WARNING(KP_E_SYSTEM_ERROR, GetLastError());
         KP_WARNING(KP_E_SYSTEM_ERROR, GetLastError());

F:\kp\source>grep.exe KP_WARNING F:\kp\source\Tev\iBook\arkim\iBsh_ini.cpp 

F:\kp\source>grep.exe KP_WARNING F:\kp\source\Tev\iBook\m9\iBsh_ini.cpp_index 

F:\kp\source>grep.exe KP_WARNING F:\kp\source\Tev\iBook\m9\iBsh_ini.cpp_magazine 

F:\kp\source>grep.exe KP_WARNING F:\kp\source\Tev\iBook\matlankis\iBsh_ini.cpp 

F:\kp\source>grep.exe KP_WARNING F:\kp\source\Tev\ldz\elzt2g.cpp 

F:\kp\source>grep.exe KP_WARNING F:\kp\source\Tev\ldz\elzt2x.cpp 

F:\kp\source>grep.exe KP_WARNING F:\kp\source\Tev\ldz\elzx.cpp 

F:\kp\source>grep.exe KP_WARNING F:\kp\source\Tev\ldz\ldelg2t.cpp 

F:\kp\source>grep.exe KP_WARNING F:\kp\source\Tev\ldz\ldelsty.cpp 

F:\kp\source>grep.exe KP_WARNING F:\kp\source\Tev\ldz\Ldelt.cpp 

F:\kp\source>grep.exe KP_WARNING F:\kp\source\Tev\ldz\ldleg2t.cpp 

F:\kp\source>grep.exe KP_WARNING F:\kp\source\Tev\ldz\ldlesty.cpp 

F:\kp\source>grep.exe KP_WARNING F:\kp\source\Tev\ldz\LDLET.CPP 

F:\kp\source>grep.exe KP_WARNING F:\kp\source\Tev\ldz\LDTG.CPP 

F:\kp\source>grep.exe KP_WARNING F:\kp\source\Tev\ldz\ldzth.cpp 

F:\kp\source>grep.exe KP_WARNING F:\kp\source\Tev\ldz\lezt2x.cpp 

F:\kp\source>grep.exe KP_WARNING F:\kp\source\Tev\ldz\STDAFX_elzd2g1.CPP 

F:\kp\source>grep.exe KP_WARNING F:\kp\source\Tev\lvz\lvz03_sty.cpp 

F:\kp\source>grep.exe KP_WARNING F:\kp\source\Tev\lvz\lvz04i_sty.cpp 

F:\kp\source>grep.exe KP_WARNING F:\kp\source\Tev\lvz\lvz05_sty.cpp 

F:\kp\source>grep.exe KP_WARNING F:\kp\source\Tev\lvz\lvz06e_sty.cpp 

F:\kp\source>grep.exe KP_WARNING F:\kp\source\Tev\lvz\lvz07e_sty.cpp 

F:\kp\source>grep.exe KP_WARNING F:\kp\source\Tev\lvz\lvzfnt.cpp 

F:\kp\source>grep.exe KP_WARNING F:\kp\source\Tev\lvz\lvzg2t.cpp 

F:\kp\source>grep.exe KP_WARNING F:\kp\source\Tev\lvz\lvzt.cpp 

F:\kp\source>grep.exe KP_WARNING F:\kp\source\Tev\lvz\lvzt0.cpp 

F:\kp\source>grep.exe KP_WARNING F:\kp\source\Tev\lvz\lvzt2x.cpp 

F:\kp\source>grep.exe KP_WARNING F:\kp\source\Tev\lvz\lvzt2y.cpp 

F:\kp\source>grep.exe KP_WARNING F:\kp\source\Tev\lvz\lvztg.cpp 

F:\kp\source>grep.exe KP_WARNING F:\kp\source\Tev\lvz\lvzty.cpp 

F:\kp\source>grep.exe KP_WARNING F:\kp\source\Tev\lvz\lvzx.cpp 

F:\kp\source>grep.exe KP_WARNING F:\kp\source\Tev\lvz\StdAfx.cpp 

F:\kp\source>grep.exe KP_WARNING F:\kp\source\Tev\lzd\lzdlstp.cpp 

F:\kp\source>grep.exe KP_WARNING F:\kp\source\Tev\lzdsh\lzdenc.cpp 

F:\kp\source>grep.exe KP_WARNING F:\kp\source\Tev\lzdsh\lzdshdn_ini.cpp 

F:\kp\source>grep.exe KP_WARNING F:\kp\source\Tev\lzdsh\lzdshd_ini.cpp 

F:\kp\source>grep.exe KP_WARNING F:\kp\source\Tev\lzdsh\lzdshe.cpp 

F:\kp\source>grep.exe KP_WARNING F:\kp\source\Tev\lzdsh\lzdshh.cpp 

F:\kp\source>grep.exe KP_WARNING F:\kp\source\Tev\lzdsh\lzdshl.cpp 
//       KP_WARNING(KP_E_SYSTEM_ERROR, GetLastError());
         KP_WARNING(KP_E_SYSTEM_ERROR, GetLastError());

F:\kp\source>grep.exe KP_WARNING F:\kp\source\Tev\lzdsh\lzdshl_cd_ini.cpp 

F:\kp\source>grep.exe KP_WARNING F:\kp\source\Tev\lzdsh\lzdshl_flash_ini.cpp 

F:\kp\source>grep.exe KP_WARNING F:\kp\source\Tev\lzdsh\lzdshl_free_ini.cpp 

F:\kp\source>grep.exe KP_WARNING F:\kp\source\Tev\lzdsh\lzdshm_cd_ini.cpp 

F:\kp\source>grep.exe KP_WARNING F:\kp\source\Tev\lzdsh\lzdshm_flash_ini.cpp 

F:\kp\source>grep.exe KP_WARNING F:\kp\source\Tev\lzdsh\lzdsho.cpp 

F:\kp\source>grep.exe KP_WARNING F:\kp\source\Tev\lzdsh\lzdshpn_ini.cpp 

F:\kp\source>grep.exe KP_WARNING F:\kp\source\Tev\lzdsh\lzdshp_cd_ini.cpp 

F:\kp\source>grep.exe KP_WARNING F:\kp\source\Tev\lzdsh\lzdshp_flash_ini.cpp 

F:\kp\source>grep.exe KP_WARNING F:\kp\source\Tev\lzdsh\lzdshp_free_ini.cpp 

F:\kp\source>grep.exe KP_WARNING F:\kp\source\Tev\lzdsh\lzdshsty2.cpp 

F:\kp\source>grep.exe KP_WARNING F:\kp\source\Tev\lzdsh\lzdshv.cpp 

F:\kp\source>grep.exe KP_WARNING F:\kp\source\Tev\lzdsh\lzdshw.cpp 

F:\kp\source>grep.exe KP_WARNING F:\kp\source\Tev\lzdsh\lzdshwdn_ini.cpp 

F:\kp\source>grep.exe KP_WARNING F:\kp\source\Tev\lzdsh\lzdshwpn_ini.cpp 

F:\kp\source>grep.exe KP_WARNING F:\kp\source\Tev\lzdsh\main.cpp 

F:\kp\source>grep.exe KP_WARNING F:\kp\source\Tev\lzdsh\_ini.cpp 

F:\kp\source>grep.exe KP_WARNING F:\kp\source\Tev\lzdsh\lzdsh.cpp 

F:\kp\source>grep.exe KP_WARNING F:\kp\source\Tev\mcm\lzdshc_cd_ini.cpp 

F:\kp\source>grep.exe KP_WARNING F:\kp\source\Tev\mcm\mcmt2t.cpp 

F:\kp\source>grep.exe KP_WARNING F:\kp\source\Tev\mcm\mcm_lzdshc_sty.CPP 

F:\kp\source>grep.exe KP_WARNING F:\kp\source\Tev\MIKO_rengykle\mk_ini.cpp 

F:\kp\source>grep.exe KP_WARNING F:\kp\source\Tev\publ\eknygu_gamyba\F\kp\source\common\Diskid32.cpp 

F:\kp\source>grep.exe KP_WARNING F:\kp\source\Tev\publ\eknygu_gamyba\F\kp\source\common\exportreg.cpp 

F:\kp\source>grep.exe KP_WARNING F:\kp\source\Tev\publ\eknygu_gamyba\F\kp\source\common\kpapp.cpp 

F:\kp\source>grep.exe KP_WARNING F:\kp\source\Tev\publ\eknygu_gamyba\F\kp\source\common\KpAppDialog.cpp 

F:\kp\source>grep.exe KP_WARNING F:\kp\source\Tev\publ\eknygu_gamyba\F\kp\source\common\Kpcapp.cpp 

F:\kp\source>grep.exe KP_WARNING F:\kp\source\Tev\publ\eknygu_gamyba\F\kp\source\common\Kpcons.cpp 

F:\kp\source>grep.exe KP_WARNING F:\kp\source\Tev\publ\eknygu_gamyba\F\kp\source\common\Kpctype.cpp 

F:\kp\source>grep.exe KP_WARNING F:\kp\source\Tev\publ\eknygu_gamyba\F\kp\source\common\Kperr.cpp 

F:\kp\source>grep.exe KP_WARNING F:\kp\source\Tev\publ\eknygu_gamyba\F\kp\source\common\KPERR0.CPP 

F:\kp\source>grep.exe KP_WARNING F:\kp\source\Tev\publ\eknygu_gamyba\F\kp\source\common\KpFileSys.cpp 

F:\kp\source>grep.exe KP_WARNING F:\kp\source\Tev\publ\eknygu_gamyba\F\kp\source\common\kpmkcdat.cpp 

F:\kp\source>grep.exe KP_WARNING F:\kp\source\Tev\publ\eknygu_gamyba\F\kp\source\common\KpPubDlg.cpp 

F:\kp\source>grep.exe KP_WARNING F:\kp\source\Tev\publ\eknygu_gamyba\F\kp\source\common\KpRichEd.cpp 

F:\kp\source>grep.exe KP_WARNING F:\kp\source\Tev\publ\eknygu_gamyba\F\kp\source\common\KPSOCK.CPP 
         KP_WARNING(KP_E_NO_CONN, null);
         KP_WARNING(KP_E_NO_CONN, null);
         KP_WARNING(KP_E_NO_CONN, null);
   if(FAILED(retc)){ if(bOutMsg) KP_ERROR(retc, null) else KP_WARNING0(retc, null);}
//                      KP_WARNING(retv, pnts); // KpErrorProc.OutputErrorMessage(retc, pnts, bOutMsg, __FILE__, __LINE__, 0L);

F:\kp\source>grep.exe KP_WARNING F:\kp\source\Tev\publ\eknygu_gamyba\F\kp\source\common\Kpsort.cpp 

F:\kp\source>grep.exe KP_WARNING F:\kp\source\Tev\publ\eknygu_gamyba\F\kp\source\common\Kpstdio.cpp 
         KP_WARNING(KP_E_SYSTEM_ERROR, user_fmask);

F:\kp\source>grep.exe KP_WARNING F:\kp\source\Tev\publ\eknygu_gamyba\F\kp\source\common\Kpstdlib.cpp 
                           KP_WARNING(retc, src_fname);
                           KP_WARNING(retc, dst_fname);

F:\kp\source>grep.exe KP_WARNING F:\kp\source\Tev\publ\eknygu_gamyba\F\kp\source\common\Kpstring.cpp 

F:\kp\source>grep.exe KP_WARNING F:\kp\source\Tev\publ\eknygu_gamyba\F\kp\source\common\kptree.cpp 

F:\kp\source>grep.exe KP_WARNING F:\kp\source\Tev\publ\eknygu_gamyba\F\kp\source\common\Kpwindow.cpp 
            KP_WARNING(retc0, retw);
         KP_WARNING(retc0, null);
            KP_WARNING(retc0, retw);
         KP_WARNING(retc0, retw);
         if(ll != ERROR_CLASS_ALREADY_EXISTS) KP_WARNING(KP_E_SYSTEM_ERROR, ll);
// KP_WARNING(S_OK, (uMsg == WM_CLOSE)?"KpStShBmpProc(): WM_CLOSE":((uMsg == WM_DESTROY)?"KpStShBmpProc(): WM_DESTROY":"KpStShBmpProc(): WM_QUIT"));
                     KP_WARNING(E_INVALIDARG, null);
                     KP_WARNING(E_INVALIDARG, null);

F:\kp\source>grep.exe KP_WARNING F:\kp\source\Tev\publ\eknygu_gamyba\F\kp\source\common\kpwinnt.cpp 

F:\kp\source>grep.exe KP_WARNING F:\kp\source\Tev\publ\eknygu_gamyba\F\kp\source\common\KpWinVer.cpp 

F:\kp\source>grep.exe KP_WARNING F:\kp\source\Tev\publ\eknygu_gamyba\F\kp\source\common\nafxcwd.cpp 

F:\kp\source>grep.exe KP_WARNING F:\kp\source\Tev\publ\eknygu_gamyba\F\kp\source\common\StdAfx.cpp 

F:\kp\source>grep.exe KP_WARNING F:\kp\source\Tev\publ\eknygu_gamyba\F\kp\source\common\kpcurdat.cpp 

F:\kp\source>grep.exe KP_WARNING F:\kp\source\Tev\publ\eknygu_gamyba\F\kp\source\kphp11\Kphp11.cpp 

F:\kp\source>grep.exe KP_WARNING F:\kp\source\Tev\publ\eknygu_gamyba\F\kp\source\kphp11\Kphp1152.cpp 

F:\kp\source>grep.exe KP_WARNING F:\kp\source\Tev\publ\eknygu_gamyba\F\kp\source\kphp11\Kphp11d.cpp 

F:\kp\source>grep.exe KP_WARNING F:\kp\source\Tev\publ\eknygu_gamyba\F\kp\source\kphp11\Kphp11m.cpp 

F:\kp\source>grep.exe KP_WARNING F:\kp\source\Tev\publ\eknygu_gamyba\F\kp\source\kphp11\Kphp11mz.cpp 

F:\kp\source>grep.exe KP_WARNING F:\kp\source\Tev\publ\eknygu_gamyba\F\kp\source\kphp11\Kphp11p.cpp 

F:\kp\source>grep.exe KP_WARNING F:\kp\source\Tev\publ\eknygu_gamyba\F\kp\source\kphp11\Kphp11rc.cpp 

F:\kp\source>grep.exe KP_WARNING F:\kp\source\Tev\publ\eknygu_gamyba\F\kp\source\kphp11\Kphp11ry.cpp 

F:\kp\source>grep.exe KP_WARNING F:\kp\source\Tev\publ\eknygu_gamyba\F\kp\source\kphp11\Kphp11s.cpp 

F:\kp\source>grep.exe KP_WARNING F:\kp\source\Tev\publ\eknygu_gamyba\F\kp\source\kphp11\Kphp11t.cpp 
            KP_WARNING0(KP_E_TIMEOUT, null);
                  KP_WARNING(KP_E_TIMEOUT, null);
                  KP_WARNING(KP_E_TIMEOUT, null);

F:\kp\source>grep.exe KP_WARNING F:\kp\source\Tev\publ\eknygu_gamyba\F\kp\source\kphp11\Kphp11tt.cpp 

F:\kp\source>grep.exe KP_WARNING F:\kp\source\Tev\publ\eknygu_gamyba\F\kp\source\kphp11\Kphp11w.cpp 

F:\kp\source>grep.exe KP_WARNING F:\kp\source\Tev\publ\eknygu_gamyba\F\kp\source\kphp11\KPHP11w1.CPP 

F:\kp\source>grep.exe KP_WARNING F:\kp\source\Tev\publ\eknygu_gamyba\F\kp\source\kphp11\Kphp11y.cpp 

F:\kp\source>grep.exe KP_WARNING F:\kp\source\Tev\publ\eknygu_gamyba\F\kp\source\kphp11\Kphp11yd.cpp 

F:\kp\source>grep.exe KP_WARNING F:\kp\source\Tev\publ\eknygu_gamyba\F\kp\source\kphp11\KPHP1D.CPP 

F:\kp\source>grep.exe KP_WARNING F:\kp\source\Tev\publ\eknygu_gamyba\F\kp\source\kphp11\KPHP1E.CPP 

F:\kp\source>grep.exe KP_WARNING F:\kp\source\Tev\publ\eknygu_gamyba\F\kp\source\kphp11\KPHP1M.CPP 

F:\kp\source>grep.exe KP_WARNING F:\kp\source\Tev\publ\eknygu_gamyba\F\kp\source\kphp11\KPHP1P.CPP 

F:\kp\source>grep.exe KP_WARNING F:\kp\source\Tev\publ\eknygu_gamyba\F\kp\source\kphp11\KPHP1Y.CPP 

F:\kp\source>grep.exe KP_WARNING F:\kp\source\Tev\publ\eknygu_gamyba\F\kp\source\kps\InitAcro60.cpp 

F:\kp\source>grep.exe KP_WARNING F:\kp\source\Tev\publ\eknygu_gamyba\F\kp\source\kps\InitAcro70.cpp 

F:\kp\source>grep.exe KP_WARNING F:\kp\source\Tev\publ\eknygu_gamyba\F\kp\source\kps\kpn1.cpp 

F:\kp\source>grep.exe KP_WARNING F:\kp\source\Tev\publ\eknygu_gamyba\F\kp\source\kps\kpscalc.cpp 

F:\kp\source>grep.exe KP_WARNING F:\kp\source\Tev\publ\eknygu_gamyba\F\kp\source\kps\KPSDMP2.cpp 

F:\kp\source>grep.exe KP_WARNING F:\kp\source\Tev\publ\eknygu_gamyba\F\kp\source\kps\kpsdmprt.cpp 

F:\kp\source>grep.exe KP_WARNING F:\kp\source\Tev\publ\eknygu_gamyba\F\kp\source\kps\Kpsdup2.cpp 

F:\kp\source>grep.exe KP_WARNING F:\kp\source\Tev\publ\eknygu_gamyba\F\kp\source\kps\kpseta.cpp 

F:\kp\source>grep.exe KP_WARNING F:\kp\source\Tev\publ\eknygu_gamyba\F\kp\source\kps\KPSfsz.cpp 

F:\kp\source>grep.exe KP_WARNING F:\kp\source\Tev\publ\eknygu_gamyba\F\kp\source\kps\kpsgdt.cpp 

F:\kp\source>grep.exe KP_WARNING F:\kp\source\Tev\publ\eknygu_gamyba\F\kp\source\kps\KPSGRM.CPP 

F:\kp\source>grep.exe KP_WARNING F:\kp\source\Tev\publ\eknygu_gamyba\F\kp\source\kps\KPSGRP.CPP 

F:\kp\source>grep.exe KP_WARNING F:\kp\source\Tev\publ\eknygu_gamyba\F\kp\source\kps\kpsgtkey.cpp 

F:\kp\source>grep.exe KP_WARNING F:\kp\source\Tev\publ\eknygu_gamyba\F\kp\source\kps\kpsleep.cpp 

F:\kp\source>grep.exe KP_WARNING F:\kp\source\Tev\publ\eknygu_gamyba\F\kp\source\kps\KPSMNFRM.CPP 

F:\kp\source>grep.exe KP_WARNING F:\kp\source\Tev\publ\eknygu_gamyba\F\kp\source\kps\kpsqenc.cpp 

F:\kp\source>grep.exe KP_WARNING F:\kp\source\Tev\publ\eknygu_gamyba\F\kp\source\kps\kpsrlt.cpp 

F:\kp\source>grep.exe KP_WARNING F:\kp\source\Tev\publ\eknygu_gamyba\F\kp\source\kps\kpst0_ini.cpp 

F:\kp\source>grep.exe KP_WARNING F:\kp\source\Tev\publ\eknygu_gamyba\F\kp\source\kps\kpstaf.cpp 

F:\kp\source>grep.exe KP_WARNING F:\kp\source\Tev\publ\eknygu_gamyba\F\kp\source\kps\Kpstap.cpp 
         if(FAILED(retc)) KP_WARNING0(retc, null); // einam lauk - viena instancija jau paleista
           KP_WARNING(retc0, null);
                  KP_WARNING(KP_E_TIMEOUT, null);
                  KP_WARNING(KP_E_TIMEOUT, null);
                     KP_WARNING(KP_E_TIMEOUT, null);
                     KP_WARNING(KP_E_TIMEOUT, null);
                     KP_WARNING(KP_E_TIMEOUT, null);
                     KP_WARNING(KP_E_TIMEOUT, null);
                     KP_WARNING(KP_E_TIMEOUT, null);
                     KP_WARNING(KP_E_TIMEOUT, null);
      else KP_WARNING(KP_E_SYSTEM_ERROR, null);
            KP_WARNING(KP_E_SYSTEM_ERROR, null);
            KP_WARNING(KP_E_SYSTEM_ERROR, null);
         KP_WARNING(KP_E_SYSTEM_ERROR, null);
               KP_WARNING(KP_E_TIMEOUT, null);
               KP_WARNING(KP_E_TIMEOUT, null);
//       KP_WARNING(KP_E_FILE_NOT_FOUND, fname)
            KP_WARNING(KP_E_FILE_FORMAT, lpszObjFileName);
         KP_WARNING(KP_E_TIMEOUT, null);
         KP_WARNING(KP_E_TIMEOUT, null);
      KP_WARNING(retc, null);
      KP_WARNING(retc, null);
         KP_WARNING(retc, null);

F:\kp\source>grep.exe KP_WARNING F:\kp\source\Tev\publ\eknygu_gamyba\F\kp\source\kps\Kpstapa.cpp 

F:\kp\source>grep.exe KP_WARNING F:\kp\source\Tev\publ\eknygu_gamyba\F\kp\source\kps\Kpstapd.cpp 

F:\kp\source>grep.exe KP_WARNING F:\kp\source\Tev\publ\eknygu_gamyba\F\kp\source\kps\kpstape.cpp 

F:\kp\source>grep.exe KP_WARNING F:\kp\source\Tev\publ\eknygu_gamyba\F\kp\source\kps\Kpstapl.cpp 

F:\kp\source>grep.exe KP_WARNING F:\kp\source\Tev\publ\eknygu_gamyba\F\kp\source\kps\Kpstapr.cpp 
KP_WARNING0(S_OK, str_buf);
KP_WARNING0(S_OK, str_buf);
KP_WARNING0(S_OK, str_buf);
KP_WARNING0(S_OK, str_buf);
KP_WARNING0(S_OK, str_buf);
KP_WARNING0(S_OK, str_buf_1);
KP_WARNING0(S_OK, str_buf_1);
KP_WARNING0(S_OK, str_buf_1);
KP_WARNING0(S_OK, str_buf_1);
KP_WARNING0(S_OK, str_buf_1);
KP_WARNING0(S_OK, str_buf_1);
KP_WARNING0(S_OK, str_buf_1);
KP_WARNING0(S_OK, str_buf_1);
KP_WARNING0(S_OK, str_buf_1);
KP_WARNING0(S_OK, str_buf_1);
KP_WARNING0(S_OK, str_buf_1);
KP_WARNING0(S_OK, str_buf_1);
KP_WARNING0(S_OK, str_buf_1);
KP_WARNING0(S_OK, str_buf_1);
KP_WARNING0(S_OK, str_buf_1);
KP_WARNING0(S_OK, str_buf_1);
KP_WARNING(KP_E_TIMEOUT, KPST_ID_REST_DAYS_EXCEEDED);
// KP_WARNING(KP_E_TIMEOUT, KPST_ID_REST_DAYS_EXCEEDED);
                        if(FAILED(retc)) KP_WARNING0(retc, null);
// KP_WARNING(KP_E_TIMEOUT, KPST_ID_REST_DAYS_EXCEEDED);
// KP_WARNING(KP_E_TIMEOUT, KPST_ID_REST_DAYS_EXCEEDED);

F:\kp\source>grep.exe KP_WARNING F:\kp\source\Tev\publ\eknygu_gamyba\F\kp\source\kps\Kpstapu.cpp 

F:\kp\source>grep.exe KP_WARNING F:\kp\source\Tev\publ\eknygu_gamyba\F\kp\source\kps\kpstolow.cpp 

F:\kp\source>grep.exe KP_WARNING F:\kp\source\Tev\publ\eknygu_gamyba\F\kp\source\kps\Kpsymd.cpp 

F:\kp\source>grep.exe KP_WARNING F:\kp\source\Tev\publ\eknygu_gamyba\F\kp\source\kps\settim.cpp 

F:\kp\source>grep.exe KP_WARNING F:\kp\source\Tev\publ\eknygu_gamyba\F\kp\source\kps\settim1.cpp 

F:\kp\source>grep.exe KP_WARNING F:\kp\source\Tev\publ\eknygu_gamyba\F\kp\source\kpstart\decfdf85.cpp 

F:\kp\source>grep.exe KP_WARNING F:\kp\source\Tev\publ\eknygu_gamyba\F\kp\source\kpstart\kplictst.cpp 

F:\kp\source>grep.exe KP_WARNING F:\kp\source\Tev\publ\eknygu_gamyba\F\kp\source\kpstart\kpsenc.cpp 

F:\kp\source>grep.exe KP_WARNING F:\kp\source\Tev\publ\eknygu_gamyba\F\kp\source\kpstart\kpsobex.cpp 

F:\kp\source>grep.exe KP_WARNING F:\kp\source\Tev\publ\eknygu_gamyba\F\kp\source\kpstart\kpsregu.cpp 

F:\kp\source>grep.exe KP_WARNING F:\kp\source\Tev\publ\eknygu_gamyba\F\kp\source\kpstart\kpstarc.cpp 

F:\kp\source>grep.exe KP_WARNING F:\kp\source\Tev\publ\eknygu_gamyba\F\kp\source\kpstart\Kpstart.cpp 

F:\kp\source>grep.exe KP_WARNING F:\kp\source\Tev\publ\eknygu_gamyba\F\kp\source\kpstart\kpstcpr.cpp 

F:\kp\source>grep.exe KP_WARNING F:\kp\source\Tev\publ\eknygu_gamyba\F\kp\source\kpstart\kpstdlr.CPP 

F:\kp\source>grep.exe KP_WARNING F:\kp\source\Tev\publ\eknygu_gamyba\F\kp\source\kpstart\KPSTEDI.CPP 

F:\kp\source>grep.exe KP_WARNING F:\kp\source\Tev\publ\eknygu_gamyba\F\kp\source\kpstart\kpstedm.cpp 

F:\kp\source>grep.exe KP_WARNING F:\kp\source\Tev\publ\eknygu_gamyba\F\kp\source\kpstart\KPSTEMA.CPP 

F:\kp\source>grep.exe KP_WARNING F:\kp\source\Tev\publ\eknygu_gamyba\F\kp\source\kpstart\kpstest.cpp 

F:\kp\source>grep.exe KP_WARNING F:\kp\source\Tev\publ\eknygu_gamyba\F\kp\source\kpstart\kpstin.cpp 

F:\kp\source>grep.exe KP_WARNING F:\kp\source\Tev\publ\eknygu_gamyba\F\kp\source\kpstart\Kpstisvr.cpp 
            KP_WARNING(KP_E_TIMEOUT, "Klientas neatsiliepia");

F:\kp\source>grep.exe KP_WARNING F:\kp\source\Tev\publ\eknygu_gamyba\F\kp\source\kpstart\KPSTLSVI.CPP 

F:\kp\source>grep.exe KP_WARNING F:\kp\source\Tev\publ\eknygu_gamyba\F\kp\source\kpstart\kpstlsvr.cpp 

F:\kp\source>grep.exe KP_WARNING F:\kp\source\Tev\publ\eknygu_gamyba\F\kp\source\kpstart\kpstlsvu.cpp 

F:\kp\source>grep.exe KP_WARNING F:\kp\source\Tev\publ\eknygu_gamyba\F\kp\source\kpstart\kpstpl.cpp 

F:\kp\source>grep.exe KP_WARNING F:\kp\source\Tev\publ\eknygu_gamyba\F\kp\source\kpstart\kpstplx.cpp 

F:\kp\source>grep.exe KP_WARNING F:\kp\source\Tev\publ\eknygu_gamyba\F\kp\source\kpstart\kpstreg.cpp 

F:\kp\source>grep.exe KP_WARNING F:\kp\source\Tev\publ\eknygu_gamyba\F\kp\source\kpstart\Kpstresq.cpp 

F:\kp\source>grep.exe KP_WARNING F:\kp\source\Tev\publ\eknygu_gamyba\F\kp\source\kpstart\kpstrg.cpp 

F:\kp\source>grep.exe KP_WARNING F:\kp\source\Tev\publ\eknygu_gamyba\F\kp\source\kpstart\kpstrpd.cpp 

F:\kp\source>grep.exe KP_WARNING F:\kp\source\Tev\publ\eknygu_gamyba\F\kp\source\kpstart\kpstrpr.cpp 

F:\kp\source>grep.exe KP_WARNING F:\kp\source\Tev\publ\eknygu_gamyba\F\kp\source\kpstart\kpstrsvr.cpp 

F:\kp\source>grep.exe KP_WARNING F:\kp\source\Tev\publ\eknygu_gamyba\F\kp\source\kpstart\kpstset.cpp 

F:\kp\source>grep.exe KP_WARNING F:\kp\source\Tev\publ\eknygu_gamyba\F\kp\source\kpstart\kpsttrg.cpp 

F:\kp\source>grep.exe KP_WARNING F:\kp\source\Tev\publ\eknygu_gamyba\F\kp\source\kpstart\kpsttsvr.cpp 

F:\kp\source>grep.exe KP_WARNING F:\kp\source\Tev\publ\eknygu_gamyba\F\kp\source\kpstart\kpstun.cpp 

F:\kp\source>grep.exe KP_WARNING F:\kp\source\Tev\publ\eknygu_gamyba\F\kp\source\kpstart\Kpstw.cpp 

F:\kp\source>grep.exe KP_WARNING F:\kp\source\Tev\publ\eknygu_gamyba\F\kp\source\kpstart\main.cpp 

F:\kp\source>grep.exe KP_WARNING F:\kp\source\Tev\publ\eknygu_gamyba\F\kp\source\kpstart\rez.cpp 

F:\kp\source>grep.exe KP_WARNING F:\kp\source\Tev\publ\eknygu_gamyba\F\kp\source\kpstart\StartSel.cpp 
                     KP_WARNING(KP_E_FERROR, src_ptr);
                        KP_WARNING(KP_E_FERROR, src_ptr);
               if(FAILED(retc)) KP_WARNING(retc, arc_dir);

F:\kp\source>grep.exe KP_WARNING F:\kp\source\Tev\publ\eknygu_gamyba\F\kp\source\kpstart\test_bd.cpp 

F:\kp\source>grep.exe KP_WARNING F:\kp\source\Tev\publ\eknygu_gamyba\F\kp\source\kpstart\test_fl.cpp 

F:\kp\source>grep.exe KP_WARNING F:\kp\source\Tev\publ\eknygu_gamyba\F\kp\source\kpstart\test_md.cpp 

F:\kp\source>grep.exe KP_WARNING F:\kp\source\Tev\publ\eknygu_gamyba\F\kp\source\kpstart\TMGrpPrm.cpp 

F:\kp\source>grep.exe KP_WARNING F:\kp\source\Tev\publ\eknygu_gamyba\F\kp\source\kpstart\kpstart_ini.cpp 

F:\kp\source>grep.exe KP_WARNING F:\kp\source\Tev\publ\eknygu_gamyba\F\kp\source\kpstart\kpstisvr_ini.cpp 

F:\kp\source>grep.exe KP_WARNING F:\kp\source\Tev\publ\eknygu_gamyba\F\kp\source\kpstart\kpstlsvr_ini.cpp 

F:\kp\source>grep.exe KP_WARNING F:\kp\source\Tev\publ\eknygu_gamyba\F\kp\source\kpstart\kpstreg_ini.cpp 

F:\kp\source>grep.exe KP_WARNING F:\kp\source\Tev\publ\eknygu_gamyba\F\kp\source\kpt\kpt71tou.cpp 

F:\kp\source>grep.exe KP_WARNING F:\kp\source\Tev\publ\eknygu_gamyba\F\kp\source\kpt\Kptdpn9x.cpp 

F:\kp\source>grep.exe KP_WARNING F:\kp\source\Tev\publ\eknygu_gamyba\F\kp\source\kpt\KPTDPNLS.CPP 

F:\kp\source>grep.exe KP_WARNING F:\kp\source\Tev\publ\eknygu_gamyba\F\kp\source\kpt\KPTHP1.CPP 

F:\kp\source>grep.exe KP_WARNING F:\kp\source\Tev\publ\eknygu_gamyba\F\kp\source\kpt\Kptmkn9x.cpp 

F:\kp\source>grep.exe KP_WARNING F:\kp\source\Tev\publ\eknygu_gamyba\F\kp\source\kpt\KPTMKNLS.CPP 

F:\kp\source>grep.exe KP_WARNING F:\kp\source\Tev\publ\eknygu_gamyba\F\kp\source\kpt\Kptt2.cpp 

F:\kp\source>grep.exe KP_WARNING F:\kp\source\Tev\publ\eknygu_gamyba\F\kp\source\kpt\kpttbp.cpp 

F:\kp\source>grep.exe KP_WARNING F:\kp\source\Tev\publ\eknygu_gamyba\F\kp\source\kpt\Kpttuc.cpp 

F:\kp\source>grep.exe KP_WARNING F:\kp\source\Tev\publ\eknygu_gamyba\F\kp\source\kpt\Kpttucc.cpp 

F:\kp\source>grep.exe KP_WARNING F:\kp\source\Tev\publ\eknygu_gamyba\F\kp\source\kpt\KPTTUCD.CPP 

F:\kp\source>grep.exe KP_WARNING F:\kp\source\Tev\publ\eknygu_gamyba\F\kp\source\kpt\Kpttucf.cpp 

F:\kp\source>grep.exe KP_WARNING F:\kp\source\Tev\publ\eknygu_gamyba\F\kp\source\kpt\Kpttuc_ne_Vytis.cpp 

F:\kp\source>grep.exe KP_WARNING F:\kp\source\Tev\publ\eknygu_gamyba\F\kp\source\kpt\Kpttuc_norm.cpp 

F:\kp\source>grep.exe KP_WARNING F:\kp\source\Tev\publ\eknygu_gamyba\F\kp\source\kpt\Kpttul.cpp 

F:\kp\source>grep.exe KP_WARNING F:\kp\source\Tev\publ\eknygu_gamyba\F\kp\source\Tev\Tvmain.cpp 

F:\kp\source>grep.exe KP_WARNING F:\kp\source\Tev\publ\eknygu_gamyba\F\kp\source\Tev\prodreg\gen.cpp 

F:\kp\source>grep.exe KP_WARNING F:\kp\source\Tev\publ\eknygu_gamyba\F\kp\source\Tev\rtf\Tvrtf.cpp 

F:\kp\source>grep.exe KP_WARNING F:\kp\source\Tev\publ\eknygu_gamyba\F\kp\source\Tev\rtf\Tvrtff.cpp 

F:\kp\source>grep.exe KP_WARNING F:\kp\source\Tev\publ\eknygu_gamyba\F\kp\source\Tev\rtf\Tvrtfi.cpp 

F:\kp\source>grep.exe KP_WARNING F:\kp\source\Tev\publ\eknygu_gamyba\F\kp\source\Tev\rtf\Tvrtfo.cpp 

F:\kp\source>grep.exe KP_WARNING F:\kp\source\Tev\publ\eknygu_gamyba\F\kp\source\Tev\rtf\Tvrtfo_su_kalbom.cpp 

F:\kp\source>grep.exe KP_WARNING F:\kp\source\Tev\publ\eknygu_gamyba\F\kp\source\Tev\rtf\Tvrtft.cpp 

F:\kp\source>grep.exe KP_WARNING F:\kp\source\Tev\publ\eknygu_gamyba\F\kp\source\Tev\rtf\Tvrtft_su_kalbom.cpp 

F:\kp\source>grep.exe KP_WARNING F:\kp\source\Tev\publ\eknygu_gamyba\F\kp\source\Tev\tex\tvtex.cpp 

F:\kp\source>grep.exe KP_WARNING F:\kp\source\Tev\publ\eknygu_gamyba\F\kp\source\Tev\tex\tvtexc.cpp 

F:\kp\source>grep.exe KP_WARNING F:\kp\source\Tev\publ\eknygu_gamyba\F\kp\source\Tev\tex\tvtexchy.cpp 

F:\kp\source>grep.exe KP_WARNING F:\kp\source\Tev\publ\eknygu_gamyba\F\kp\source\Tev\tex\tvtexf.cpp 

F:\kp\source>grep.exe KP_WARNING F:\kp\source\Tev\publ\eknygu_gamyba\F\kp\source\Tev\tex\tvtexmtt.cpp 

F:\kp\source>grep.exe KP_WARNING F:\kp\source\Tev\publ\eknygu_gamyba\F\kp\source\Tev\tex\Tvtext.cpp 

F:\kp\source>grep.exe KP_WARNING F:\kp\source\Tev\publ\eknygu_gamyba\F\kp\source\Tev\tex\TXU2T.CPP 

F:\kp\source>grep.exe KP_WARNING F:\kp\source\Tev\publ\eknygu_gamyba\F\kp\source\Tev\xml\Htmt.cpp 

F:\kp\source>grep.exe KP_WARNING F:\kp\source\Tev\publ\eknygu_gamyba\F\kp\source\Tev\xml\KpGecko.CPP 
      if(strlen(a_URL) >= KP_MAX_FNAME_LEN) KP_WARNING(KP_E_BUFFER_OVERFLOW, null);

F:\kp\source>grep.exe KP_WARNING F:\kp\source\Tev\publ\eknygu_gamyba\F\kp\source\Tev\xml\main.cpp 

F:\kp\source>grep.exe KP_WARNING F:\kp\source\Tev\publ\eknygu_gamyba\F\kp\source\Tev\xml\mcmr2t.cpp 

F:\kp\source>grep.exe KP_WARNING F:\kp\source\Tev\publ\eknygu_gamyba\F\kp\source\Tev\xml\tvxml.cpp 

F:\kp\source>grep.exe KP_WARNING F:\kp\source\Tev\publ\eknygu_gamyba\F\kp\source\Tev\xml\Tvxmlc.cpp 

F:\kp\source>grep.exe KP_WARNING F:\kp\source\Tev\publ\eknygu_gamyba\F\kp\source\Tev\xml\Tvxmlce.cpp 

F:\kp\source>grep.exe KP_WARNING F:\kp\source\Tev\publ\eknygu_gamyba\F\kp\source\Tev\xml\tvxmlch.cpp 

F:\kp\source>grep.exe KP_WARNING F:\kp\source\Tev\publ\eknygu_gamyba\F\kp\source\Tev\xml\Tvxmlcm.cpp 

F:\kp\source>grep.exe KP_WARNING F:\kp\source\Tev\publ\eknygu_gamyba\F\kp\source\Tev\xml\tvxmle.cpp 

F:\kp\source>grep.exe KP_WARNING F:\kp\source\Tev\publ\eknygu_gamyba\F\kp\source\Tev\xml\tvxmlecm.cpp 

F:\kp\source>grep.exe KP_WARNING F:\kp\source\Tev\publ\eknygu_gamyba\F\kp\source\Tev\xml\TVXMLEL.CPP 

F:\kp\source>grep.exe KP_WARNING F:\kp\source\Tev\publ\eknygu_gamyba\F\kp\source\Tev\xml\tvxmlel0.cpp 

F:\kp\source>grep.exe KP_WARNING F:\kp\source\Tev\publ\eknygu_gamyba\F\kp\source\Tev\xml\tvxmlelc.cpp 

F:\kp\source>grep.exe KP_WARNING F:\kp\source\Tev\publ\eknygu_gamyba\F\kp\source\Tev\xml\tvxmlelc0.cpp 

F:\kp\source>grep.exe KP_WARNING F:\kp\source\Tev\publ\eknygu_gamyba\F\kp\source\Tev\xml\tvxmlev.cpp 

F:\kp\source>grep.exe KP_WARNING F:\kp\source\Tev\publ\eknygu_gamyba\F\kp\source\Tev\xml\tvxmlev0.cpp 

F:\kp\source>grep.exe KP_WARNING F:\kp\source\Tev\publ\eknygu_gamyba\F\kp\source\Tev\xml\tvxmlev1.cpp 

F:\kp\source>grep.exe KP_WARNING F:\kp\source\Tev\publ\eknygu_gamyba\F\kp\source\Tev\xml\tvxmlevc.cpp 

F:\kp\source>grep.exe KP_WARNING F:\kp\source\Tev\publ\eknygu_gamyba\F\kp\source\Tev\xml\tvxmlevc0.cpp 

F:\kp\source>grep.exe KP_WARNING F:\kp\source\Tev\publ\eknygu_gamyba\F\kp\source\Tev\xml\tvxmlr.cpp 

F:\kp\source>grep.exe KP_WARNING F:\kp\source\Tev\publ\eknygu_gamyba\F\kp\source\Tev\xml\tvxmlrcr.cpp 

F:\kp\source>grep.exe KP_WARNING F:\kp\source\Tev\publ\eknygu_gamyba\F\kp\source\Tev\xml\Tvxmlrm.cpp 

F:\kp\source>grep.exe KP_WARNING F:\kp\source\Tev\publ\eknygu_gamyba\F\kp\source\Tev\xml\tvxmls.cpp 

F:\kp\source>grep.exe KP_WARNING F:\kp\source\Tev\publ\eknygu_gamyba\F\kp\source\Tev\xml\tvxmlt.cpp 

F:\kp\source>grep.exe KP_WARNING F:\kp\source\Tev\publ\eknygu_gamyba\F\kp\source\Tev\xml\Tvxmltg.cpp 

F:\kp\source>grep.exe KP_WARNING F:\kp\source\Tev\publ\eknygu_gamyba\F\kp\source\Tev\xml\Tvxmltto.cpp 

F:\kp\source>grep.exe KP_WARNING F:\kp\source\Tev\publ\eknygu_gamyba\F\kp\source\Tev\xml\Xml8.cpp 

F:\kp\source>grep.exe KP_WARNING F:\kp\source\Tev\publ\eknygu_gamyba\F\kp\source\Tev\xml\XMLB.CPP 

F:\kp\source>grep.exe KP_WARNING F:\kp\source\Tev\publ\eknygu_gamyba\F\kp\source\Tev\xml\xmld2g.cpp 

F:\kp\source>grep.exe KP_WARNING F:\kp\source\Tev\publ\eknygu_gamyba\F\kp\source\Tev\xml\xmldep.cpp 

F:\kp\source>grep.exe KP_WARNING F:\kp\source\Tev\publ\eknygu_gamyba\F\kp\source\Tev\xml\xmle2p.cpp 

F:\kp\source>grep.exe KP_WARNING F:\kp\source\Tev\publ\eknygu_gamyba\F\kp\source\Tev\xml\xmle2t.cpp 

F:\kp\source>grep.exe KP_WARNING F:\kp\source\Tev\publ\eknygu_gamyba\F\kp\source\Tev\xml\xmle2x.cpp 

F:\kp\source>grep.exe KP_WARNING F:\kp\source\Tev\publ\eknygu_gamyba\F\kp\source\Tev\xml\xmlexp.cpp 

F:\kp\source>grep.exe KP_WARNING F:\kp\source\Tev\publ\eknygu_gamyba\F\kp\source\Tev\xml\xmlext.cpp 

F:\kp\source>grep.exe KP_WARNING F:\kp\source\Tev\publ\eknygu_gamyba\F\kp\source\Tev\xml\Xmlf.cpp 

F:\kp\source>grep.exe KP_WARNING F:\kp\source\Tev\publ\eknygu_gamyba\F\kp\source\Tev\xml\xmlg2e.cpp 

F:\kp\source>grep.exe KP_WARNING F:\kp\source\Tev\publ\eknygu_gamyba\F\kp\source\Tev\xml\xmlg2t.cpp 

F:\kp\source>grep.exe KP_WARNING F:\kp\source\Tev\publ\eknygu_gamyba\F\kp\source\Tev\xml\xmlgcs.cpp 

F:\kp\source>grep.exe KP_WARNING F:\kp\source\Tev\publ\eknygu_gamyba\F\kp\source\Tev\xml\Xmlh.cpp 

F:\kp\source>grep.exe KP_WARNING F:\kp\source\Tev\publ\eknygu_gamyba\F\kp\source\Tev\xml\Xmli.cpp 

F:\kp\source>grep.exe KP_WARNING F:\kp\source\Tev\publ\eknygu_gamyba\F\kp\source\Tev\xml\xmlicv.cpp 

F:\kp\source>grep.exe KP_WARNING F:\kp\source\Tev\publ\eknygu_gamyba\F\kp\source\Tev\xml\xmlis.cpp 

F:\kp\source>grep.exe KP_WARNING F:\kp\source\Tev\publ\eknygu_gamyba\F\kp\source\Tev\xml\Xmln.cpp 
      if((retc == KP_E_UNKN_CHR) || (retc == KP_E_FONT_UNDEF)) KP_WARNING(retc, null);

F:\kp\source>grep.exe KP_WARNING F:\kp\source\Tev\publ\eknygu_gamyba\F\kp\source\Tev\xml\xmln0.cpp 

F:\kp\source>grep.exe KP_WARNING F:\kp\source\Tev\publ\eknygu_gamyba\F\kp\source\Tev\xml\xmlnh.cpp 

F:\kp\source>grep.exe KP_WARNING F:\kp\source\Tev\publ\eknygu_gamyba\F\kp\source\Tev\xml\xmlnl.cpp 

F:\kp\source>grep.exe KP_WARNING F:\kp\source\Tev\publ\eknygu_gamyba\F\kp\source\Tev\xml\Xmlnr.cpp 

F:\kp\source>grep.exe KP_WARNING F:\kp\source\Tev\publ\eknygu_gamyba\F\kp\source\Tev\xml\xmlnx.cpp 

F:\kp\source>grep.exe KP_WARNING F:\kp\source\Tev\publ\eknygu_gamyba\F\kp\source\Tev\xml\xmlnxo.cpp 

F:\kp\source>grep.exe KP_WARNING F:\kp\source\Tev\publ\eknygu_gamyba\F\kp\source\Tev\xml\xmlo1.cpp 

F:\kp\source>grep.exe KP_WARNING F:\kp\source\Tev\publ\eknygu_gamyba\F\kp\source\Tev\xml\xmlo2.cpp 

F:\kp\source>grep.exe KP_WARNING F:\kp\source\Tev\publ\eknygu_gamyba\F\kp\source\Tev\xml\xmloi2.CPP 

F:\kp\source>grep.exe KP_WARNING F:\kp\source\Tev\publ\eknygu_gamyba\F\kp\source\Tev\xml\Xmlp.cpp 

F:\kp\source>grep.exe KP_WARNING F:\kp\source\Tev\publ\eknygu_gamyba\F\kp\source\Tev\xml\xmlque.cpp 

F:\kp\source>grep.exe KP_WARNING F:\kp\source\Tev\publ\eknygu_gamyba\F\kp\source\Tev\xml\xmlrcp.cpp 

F:\kp\source>grep.exe KP_WARNING F:\kp\source\Tev\publ\eknygu_gamyba\F\kp\source\Tev\xml\XMLRDT.CPP 

F:\kp\source>grep.exe KP_WARNING F:\kp\source\Tev\publ\eknygu_gamyba\F\kp\source\Tev\xml\XMLRI.CPP 

F:\kp\source>grep.exe KP_WARNING F:\kp\source\Tev\publ\eknygu_gamyba\F\kp\source\Tev\xml\Xmlrpt.cpp 

F:\kp\source>grep.exe KP_WARNING F:\kp\source\Tev\publ\eknygu_gamyba\F\kp\source\Tev\xml\xmlspc.cpp 

F:\kp\source>grep.exe KP_WARNING F:\kp\source\Tev\publ\eknygu_gamyba\F\kp\source\Tev\xml\XMLSPL.CPP 

F:\kp\source>grep.exe KP_WARNING F:\kp\source\Tev\publ\eknygu_gamyba\F\kp\source\Tev\xml\xmlspt.cpp 

F:\kp\source>grep.exe KP_WARNING F:\kp\source\Tev\publ\eknygu_gamyba\F\kp\source\Tev\xml\xmlsty.cpp 

F:\kp\source>grep.exe KP_WARNING F:\kp\source\Tev\publ\eknygu_gamyba\F\kp\source\Tev\xml\xmlsty0.cpp 

F:\kp\source>grep.exe KP_WARNING F:\kp\source\Tev\publ\eknygu_gamyba\F\kp\source\Tev\xml\xmlsty2.cpp 

F:\kp\source>grep.exe KP_WARNING F:\kp\source\Tev\publ\eknygu_gamyba\F\kp\source\Tev\xml\Xmlt.cpp 

F:\kp\source>grep.exe KP_WARNING F:\kp\source\Tev\publ\eknygu_gamyba\F\kp\source\Tev\xml\xmlt0.cpp 

F:\kp\source>grep.exe KP_WARNING F:\kp\source\Tev\publ\eknygu_gamyba\F\kp\source\Tev\xml\xmlt2.CPP 

F:\kp\source>grep.exe KP_WARNING F:\kp\source\Tev\publ\eknygu_gamyba\F\kp\source\Tev\xml\xmlt2g.cpp 

F:\kp\source>grep.exe KP_WARNING F:\kp\source\Tev\publ\eknygu_gamyba\F\kp\source\Tev\xml\xmlt2h.cpp 

F:\kp\source>grep.exe KP_WARNING F:\kp\source\Tev\publ\eknygu_gamyba\F\kp\source\Tev\xml\xmlt2tl.cpp 

F:\kp\source>grep.exe KP_WARNING F:\kp\source\Tev\publ\eknygu_gamyba\F\kp\source\Tev\xml\xmlt2x.cpp 

F:\kp\source>grep.exe KP_WARNING F:\kp\source\Tev\publ\eknygu_gamyba\F\kp\source\Tev\xml\xmlt2x0.cpp 

F:\kp\source>grep.exe KP_WARNING F:\kp\source\Tev\publ\eknygu_gamyba\F\kp\source\Tev\xml\xmltg.cpp 

F:\kp\source>grep.exe KP_WARNING F:\kp\source\Tev\publ\eknygu_gamyba\F\kp\source\Tev\xml\Xmlu.cpp 

F:\kp\source>grep.exe KP_WARNING F:\kp\source\Tev\publ\eknygu_gamyba\F\source\common\kpcolors.cpp 

F:\kp\source>grep.exe KP_WARNING F:\kp\source\Tev\publ\eknygu_gamyba\F\source\common\KPFONTS.CPP 

F:\kp\source>grep.exe KP_WARNING F:\kp\source\Tev\publ\eknygu_gamyba\F\source\common\kpstcs.cpp 

F:\kp\source>grep.exe KP_WARNING F:\kp\source\Tev\publ\eknygu_gamyba\F\source\common\main.cpp 

F:\kp\source>grep.exe KP_WARNING F:\kp\source\Tev\publ\eknygu_gamyba\F\source\xml\scandtd.cpp 

F:\kp\source>grep.exe KP_WARNING F:\kp\source\Tev\publ\eknygu_gamyba\F\source\xml\scandtd_meinas.cpp 

F:\kp\source>grep.exe KP_WARNING F:\kp\source\Tev\publ\eknygu_gamyba\F\source\xml\tvxmlstd.cpp 

F:\kp\source>grep.exe KP_WARNING F:\kp\source\Tev\publ\eknygu_gamyba\F\source\xml\Tvxmltt.cpp 

F:\kp\source>grep.exe KP_WARNING F:\kp\source\Tev\publ\tikrintuve\Matas_20100823\kompiliatoriai\cpp\bin\b.cpp 

F:\kp\source>grep.exe KP_WARNING F:\kp\source\Tev\publ\tikrintuve\Matas_20100823\pas, cpp failai\antimagiskas.cpp 

F:\kp\source>grep.exe KP_WARNING F:\kp\source\Tev\publ\tikrintuve\Matas_20100823\pas, cpp failai\resursai.cpp 

F:\kp\source>grep.exe KP_WARNING F:\kp\source\Tev\mokinf\PT\Ieva_20100614\Testavimo_programa\pas, cpp failai\antimagiskas.cpp 

F:\kp\source>grep.exe KP_WARNING F:\kp\source\Tev\mokinf\PT\Ieva_20100614\Testavimo_programa\pas, cpp failai\resursai.cpp 

F:\kp\source>grep.exe KP_WARNING F:\kp\source\Tev\mokinf\PT\libkpsttrg\kpstpl.cpp 

F:\kp\source>grep.exe KP_WARNING F:\kp\source\Tev\mokinf\PP910m\MikoView\src\1_u_1.cpp 

F:\kp\source>grep.exe KP_WARNING F:\kp\source\Tev\mokinf\PP910m\MikoView\src\1_u_2.cpp 

F:\kp\source>grep.exe KP_WARNING F:\kp\source\Tev\mokinf\PP910m\MikoView\src\10_u_1.cpp 

F:\kp\source>grep.exe KP_WARNING F:\kp\source\Tev\mokinf\PP910m\MikoView\src\10_u_smalsiems.cpp 

F:\kp\source>grep.exe KP_WARNING F:\kp\source\Tev\mokinf\PP910m\MikoView\src\11_u_smalsiems_1.cpp 

F:\kp\source>grep.exe KP_WARNING F:\kp\source\Tev\mokinf\PP910m\MikoView\src\11_u_smalsiems_2.cpp 

F:\kp\source>grep.exe KP_WARNING F:\kp\source\Tev\mokinf\PP910m\MikoView\src\2_u_1.cpp 

F:\kp\source>grep.exe KP_WARNING F:\kp\source\Tev\mokinf\PP910m\MikoView\src\2_u_2.cpp 

F:\kp\source>grep.exe KP_WARNING F:\kp\source\Tev\mokinf\PP910m\MikoView\src\2_u_3.cpp 

F:\kp\source>grep.exe KP_WARNING F:\kp\source\Tev\mokinf\PP910m\MikoView\src\2_u_4.cpp 

F:\kp\source>grep.exe KP_WARNING F:\kp\source\Tev\mokinf\PP910m\MikoView\src\2_u_5.cpp 

F:\kp\source>grep.exe KP_WARNING F:\kp\source\Tev\mokinf\PP910m\MikoView\src\2_u_6.cpp 

F:\kp\source>grep.exe KP_WARNING F:\kp\source\Tev\mokinf\PP910m\MikoView\src\3_u_1.cpp 

F:\kp\source>grep.exe KP_WARNING F:\kp\source\Tev\mokinf\PP910m\MikoView\src\3_u_2.cpp 

F:\kp\source>grep.exe KP_WARNING F:\kp\source\Tev\mokinf\PP910m\MikoView\src\3_u_3.cpp 

F:\kp\source>grep.exe KP_WARNING F:\kp\source\Tev\mokinf\PP910m\MikoView\src\3_u_4.cpp 

F:\kp\source>grep.exe KP_WARNING F:\kp\source\Tev\mokinf\PP910m\MikoView\src\3_u_5.cpp 

F:\kp\source>grep.exe KP_WARNING F:\kp\source\Tev\mokinf\PP910m\MikoView\src\4_u_1.cpp 

F:\kp\source>grep.exe KP_WARNING F:\kp\source\Tev\mokinf\PP910m\MikoView\src\4_u_2.cpp 

F:\kp\source>grep.exe KP_WARNING F:\kp\source\Tev\mokinf\PP910m\MikoView\src\4_u_3.cpp 

F:\kp\source>grep.exe KP_WARNING F:\kp\source\Tev\mokinf\PP910m\MikoView\src\4_u_4.cpp 

F:\kp\source>grep.exe KP_WARNING F:\kp\source\Tev\mokinf\PP910m\MikoView\src\4_u_5.cpp 

F:\kp\source>grep.exe KP_WARNING F:\kp\source\Tev\mokinf\PP910m\MikoView\src\4_u_6.cpp 

F:\kp\source>grep.exe KP_WARNING F:\kp\source\Tev\mokinf\PP910m\MikoView\src\5_u_1.cpp 

F:\kp\source>grep.exe KP_WARNING F:\kp\source\Tev\mokinf\PP910m\MikoView\src\5_u_2.cpp 

F:\kp\source>grep.exe KP_WARNING F:\kp\source\Tev\mokinf\PP910m\MikoView\src\5_u_3.cpp 

F:\kp\source>grep.exe KP_WARNING F:\kp\source\Tev\mokinf\PP910m\MikoView\src\5_u_4.cpp 

F:\kp\source>grep.exe KP_WARNING F:\kp\source\Tev\mokinf\PP910m\MikoView\src\5_u_5.cpp 

F:\kp\source>grep.exe KP_WARNING F:\kp\source\Tev\mokinf\PP910m\MikoView\src\5_u_6.cpp 

F:\kp\source>grep.exe KP_WARNING F:\kp\source\Tev\mokinf\PP910m\MikoView\src\6_u_1.cpp 

F:\kp\source>grep.exe KP_WARNING F:\kp\source\Tev\mokinf\PP910m\MikoView\src\6_u_2.cpp 

F:\kp\source>grep.exe KP_WARNING F:\kp\source\Tev\mokinf\PP910m\MikoView\src\6_u_3.cpp 

F:\kp\source>grep.exe KP_WARNING F:\kp\source\Tev\mokinf\PP910m\MikoView\src\6_u_4.cpp 

F:\kp\source>grep.exe KP_WARNING F:\kp\source\Tev\mokinf\PP910m\MikoView\src\6_u_5.cpp 

F:\kp\source>grep.exe KP_WARNING F:\kp\source\Tev\mokinf\PP910m\MikoView\src\7_u_1.cpp 

F:\kp\source>grep.exe KP_WARNING F:\kp\source\Tev\mokinf\PP910m\MikoView\src\7_u_2.cpp 

F:\kp\source>grep.exe KP_WARNING F:\kp\source\Tev\mokinf\PP910m\MikoView\src\7_u_3.cpp 

F:\kp\source>grep.exe KP_WARNING F:\kp\source\Tev\mokinf\PP910m\MikoView\src\7_u_4.cpp 

F:\kp\source>grep.exe KP_WARNING F:\kp\source\Tev\mokinf\PP910m\MikoView\src\7_u_5.cpp 

F:\kp\source>grep.exe KP_WARNING F:\kp\source\Tev\mokinf\PP910m\MikoView\src\8_u_1.cpp 

F:\kp\source>grep.exe KP_WARNING F:\kp\source\Tev\mokinf\PP910m\MikoView\src\8_u_2.cpp 

F:\kp\source>grep.exe KP_WARNING F:\kp\source\Tev\mokinf\PP910m\MikoView\src\8_u_3.cpp 

F:\kp\source>grep.exe KP_WARNING F:\kp\source\Tev\mokinf\PP910m\MikoView\src\9_u_1.cpp 

F:\kp\source>grep.exe KP_WARNING F:\kp\source\Tev\mokinf\PP910m\MikoView\src\9_u_2.cpp 

F:\kp\source>grep.exe KP_WARNING F:\kp\source\Tev\mokinf\PP910m\MikoView\src\9_u_3.cpp 

F:\kp\source>grep.exe KP_WARNING F:\kp\source\Tev\mokinf\PP910m\MikoView\src\9_u_4.cpp 

F:\kp\source>grep.exe KP_WARNING F:\kp\source\Tev\mokinf\PP910m\MikoView\src\9_u_5.cpp 

F:\kp\source>grep.exe KP_WARNING F:\kp\source\Tev\mokinf\PP910m\MikoView\src\darbas1.cpp 

F:\kp\source>grep.exe KP_WARNING F:\kp\source\Tev\mokinf\PP910m\MikoView\src\darbas1_smalsiems.cpp 

F:\kp\source>grep.exe KP_WARNING F:\kp\source\Tev\mokinf\PP910m\MikoView\src\darbas10.cpp 

F:\kp\source>grep.exe KP_WARNING F:\kp\source\Tev\mokinf\PP910m\MikoView\src\darbas10_smalsiems.cpp 

F:\kp\source>grep.exe KP_WARNING F:\kp\source\Tev\mokinf\PP910m\MikoView\src\darbas11.cpp 

F:\kp\source>grep.exe KP_WARNING F:\kp\source\Tev\mokinf\PP910m\MikoView\src\darbas11_smalsiems_f.cpp 

F:\kp\source>grep.exe KP_WARNING F:\kp\source\Tev\mokinf\PP910m\MikoView\src\darbas11_smalsiems_pr.cpp 

F:\kp\source>grep.exe KP_WARNING F:\kp\source\Tev\mokinf\PP910m\MikoView\src\darbas2.cpp 

F:\kp\source>grep.exe KP_WARNING F:\kp\source\Tev\mokinf\PP910m\MikoView\src\Darbas3.cpp 

F:\kp\source>grep.exe KP_WARNING F:\kp\source\Tev\mokinf\PP910m\MikoView\src\Darbas3_smalsiems.cpp 

F:\kp\source>grep.exe KP_WARNING F:\kp\source\Tev\mokinf\PP910m\MikoView\src\darbas4.cpp 

F:\kp\source>grep.exe KP_WARNING F:\kp\source\Tev\mokinf\PP910m\MikoView\src\darbas5.cpp 

F:\kp\source>grep.exe KP_WARNING F:\kp\source\Tev\mokinf\PP910m\MikoView\src\darbas5_smalsiems.cpp 

F:\kp\source>grep.exe KP_WARNING F:\kp\source\Tev\mokinf\PP910m\MikoView\src\Darbas6.cpp 

F:\kp\source>grep.exe KP_WARNING F:\kp\source\Tev\mokinf\PP910m\MikoView\src\Darbas6_smalsiems.cpp 

F:\kp\source>grep.exe KP_WARNING F:\kp\source\Tev\mokinf\PP910m\MikoView\src\darbas7.cpp 

F:\kp\source>grep.exe KP_WARNING F:\kp\source\Tev\mokinf\PP910m\MikoView\src\darbas8.cpp 

F:\kp\source>grep.exe KP_WARNING F:\kp\source\Tev\mokinf\PP910m\MikoView\src\darbas8_smalsiems.cpp 

F:\kp\source>grep.exe KP_WARNING F:\kp\source\Tev\mokinf\PP910m\MikoView\src\darbas9.cpp 

F:\kp\source>grep.exe KP_WARNING F:\kp\source\Tev\mokinf\PP910m\MikoView\src\darbas9_smalsiems.cpp 

F:\kp\source>grep.exe KP_WARNING F:\kp\source\Tev\mokinf\PP910m\MikoView\src\s_u_1.cpp 

F:\kp\source>grep.exe KP_WARNING F:\kp\source\Tev\mokinf\PP910m\MikoView\src\s_u_10.cpp 

F:\kp\source>grep.exe KP_WARNING F:\kp\source\Tev\mokinf\PP910m\MikoView\src\s_u_11.cpp 

F:\kp\source>grep.exe KP_WARNING F:\kp\source\Tev\mokinf\PP910m\MikoView\src\s_u_2.cpp 

F:\kp\source>grep.exe KP_WARNING F:\kp\source\Tev\mokinf\PP910m\MikoView\src\s_u_3.cpp 

F:\kp\source>grep.exe KP_WARNING F:\kp\source\Tev\mokinf\PP910m\MikoView\src\s_u_4.cpp 

F:\kp\source>grep.exe KP_WARNING F:\kp\source\Tev\mokinf\PP910m\MikoView\src\s_u_5.cpp 

F:\kp\source>grep.exe KP_WARNING F:\kp\source\Tev\mokinf\PP910m\MikoView\src\s_u_6.cpp 

F:\kp\source>grep.exe KP_WARNING F:\kp\source\Tev\mokinf\PP910m\MikoView\src\s_u_7.cpp 

F:\kp\source>grep.exe KP_WARNING F:\kp\source\Tev\mokinf\PP910m\MikoView\src\s_u_8.cpp 

F:\kp\source>grep.exe KP_WARNING F:\kp\source\Tev\mokinf\PP910m\MikoView\src\s_u_9.cpp 

F:\kp\source>grep.exe KP_WARNING F:\kp\source\Tev\mokinf\PP910m\MikoView\src\2_u_7.cpp 

F:\kp\source>grep.exe KP_WARNING F:\kp\source\Tev\mokinf\PP910m\MikoView\src\2_u_8.cpp 

F:\kp\source>grep.exe KP_WARNING F:\kp\source\Tev\mokinf\PP910m\MikoView\Tadas_20100830\MIKO_PP_9-10\files\s_u_1.cpp 

F:\kp\source>grep.exe KP_WARNING F:\kp\source\Tev\mokinf\PP910m\MikoView\Tadas_20100830\MIKO_PP_9-10\files\s_u_10.cpp 

F:\kp\source>grep.exe KP_WARNING F:\kp\source\Tev\mokinf\PP910m\MikoView\Tadas_20100830\MIKO_PP_9-10\files\s_u_11.cpp 

F:\kp\source>grep.exe KP_WARNING F:\kp\source\Tev\mokinf\PP910m\MikoView\Tadas_20100830\MIKO_PP_9-10\files\s_u_2.cpp 

F:\kp\source>grep.exe KP_WARNING F:\kp\source\Tev\mokinf\PP910m\MikoView\Tadas_20100830\MIKO_PP_9-10\files\s_u_3.cpp 

F:\kp\source>grep.exe KP_WARNING F:\kp\source\Tev\mokinf\PP910m\MikoView\Tadas_20100830\MIKO_PP_9-10\files\s_u_4.cpp 

F:\kp\source>grep.exe KP_WARNING F:\kp\source\Tev\mokinf\PP910m\MikoView\Tadas_20100830\MIKO_PP_9-10\files\s_u_5.cpp 

F:\kp\source>grep.exe KP_WARNING F:\kp\source\Tev\mokinf\PP910m\MikoView\Tadas_20100830\MIKO_PP_9-10\files\s_u_6.cpp 

F:\kp\source>grep.exe KP_WARNING F:\kp\source\Tev\mokinf\PP910m\MikoView\Tadas_20100830\MIKO_PP_9-10\files\s_u_7.cpp 

F:\kp\source>grep.exe KP_WARNING F:\kp\source\Tev\mokinf\PP910m\MikoView\Tadas_20100830\MIKO_PP_9-10\files\s_u_8.cpp 

F:\kp\source>grep.exe KP_WARNING F:\kp\source\Tev\mokinf\PP910m\MikoView\Tadas_20100830\MIKO_PP_9-10\files\s_u_9.cpp 

F:\kp\source>grep.exe KP_WARNING F:\kp\source\Tev\mokinf\PP910m\MikoView\Tadas_20100830\MIKO_PP_9-10\files\1_u_1.cpp 

F:\kp\source>grep.exe KP_WARNING F:\kp\source\Tev\mokinf\PP910m\MikoView\Tadas_20100830\MIKO_PP_9-10\files\1_u_2.cpp 

F:\kp\source>grep.exe KP_WARNING F:\kp\source\Tev\mokinf\PP910m\MikoView\Tadas_20100830\MIKO_PP_9-10\files\10_u_1.cpp 

F:\kp\source>grep.exe KP_WARNING F:\kp\source\Tev\mokinf\PP910m\MikoView\Tadas_20100830\MIKO_PP_9-10\files\10_u_smalsiems.cpp 

F:\kp\source>grep.exe KP_WARNING F:\kp\source\Tev\mokinf\PP910m\MikoView\Tadas_20100830\MIKO_PP_9-10\files\11_u_smalsiems_1.cpp 

F:\kp\source>grep.exe KP_WARNING F:\kp\source\Tev\mokinf\PP910m\MikoView\Tadas_20100830\MIKO_PP_9-10\files\11_u_smalsiems_2.cpp 

F:\kp\source>grep.exe KP_WARNING F:\kp\source\Tev\mokinf\PP910m\MikoView\Tadas_20100830\MIKO_PP_9-10\files\2_u_1.cpp 

F:\kp\source>grep.exe KP_WARNING F:\kp\source\Tev\mokinf\PP910m\MikoView\Tadas_20100830\MIKO_PP_9-10\files\2_u_2.cpp 

F:\kp\source>grep.exe KP_WARNING F:\kp\source\Tev\mokinf\PP910m\MikoView\Tadas_20100830\MIKO_PP_9-10\files\2_u_3.cpp 

F:\kp\source>grep.exe KP_WARNING F:\kp\source\Tev\mokinf\PP910m\MikoView\Tadas_20100830\MIKO_PP_9-10\files\2_u_4.cpp 

F:\kp\source>grep.exe KP_WARNING F:\kp\source\Tev\mokinf\PP910m\MikoView\Tadas_20100830\MIKO_PP_9-10\files\2_u_5.cpp 

F:\kp\source>grep.exe KP_WARNING F:\kp\source\Tev\mokinf\PP910m\MikoView\Tadas_20100830\MIKO_PP_9-10\files\2_u_6.cpp 

F:\kp\source>grep.exe KP_WARNING F:\kp\source\Tev\mokinf\PP910m\MikoView\Tadas_20100830\MIKO_PP_9-10\files\3_u_1.cpp 

F:\kp\source>grep.exe KP_WARNING F:\kp\source\Tev\mokinf\PP910m\MikoView\Tadas_20100830\MIKO_PP_9-10\files\3_u_2.cpp 

F:\kp\source>grep.exe KP_WARNING F:\kp\source\Tev\mokinf\PP910m\MikoView\Tadas_20100830\MIKO_PP_9-10\files\3_u_3.cpp 

F:\kp\source>grep.exe KP_WARNING F:\kp\source\Tev\mokinf\PP910m\MikoView\Tadas_20100830\MIKO_PP_9-10\files\3_u_4.cpp 

F:\kp\source>grep.exe KP_WARNING F:\kp\source\Tev\mokinf\PP910m\MikoView\Tadas_20100830\MIKO_PP_9-10\files\3_u_5.cpp 

F:\kp\source>grep.exe KP_WARNING F:\kp\source\Tev\mokinf\PP910m\MikoView\Tadas_20100830\MIKO_PP_9-10\files\4_u_1.cpp 

F:\kp\source>grep.exe KP_WARNING F:\kp\source\Tev\mokinf\PP910m\MikoView\Tadas_20100830\MIKO_PP_9-10\files\4_u_2.cpp 

F:\kp\source>grep.exe KP_WARNING F:\kp\source\Tev\mokinf\PP910m\MikoView\Tadas_20100830\MIKO_PP_9-10\files\4_u_3.cpp 

F:\kp\source>grep.exe KP_WARNING F:\kp\source\Tev\mokinf\PP910m\MikoView\Tadas_20100830\MIKO_PP_9-10\files\4_u_4.cpp 

F:\kp\source>grep.exe KP_WARNING F:\kp\source\Tev\mokinf\PP910m\MikoView\Tadas_20100830\MIKO_PP_9-10\files\4_u_5.cpp 

F:\kp\source>grep.exe KP_WARNING F:\kp\source\Tev\mokinf\PP910m\MikoView\Tadas_20100830\MIKO_PP_9-10\files\4_u_6.cpp 

F:\kp\source>grep.exe KP_WARNING F:\kp\source\Tev\mokinf\PP910m\MikoView\Tadas_20100830\MIKO_PP_9-10\files\5_u_1.cpp 

F:\kp\source>grep.exe KP_WARNING F:\kp\source\Tev\mokinf\PP910m\MikoView\Tadas_20100830\MIKO_PP_9-10\files\5_u_2.cpp 

F:\kp\source>grep.exe KP_WARNING F:\kp\source\Tev\mokinf\PP910m\MikoView\Tadas_20100830\MIKO_PP_9-10\files\5_u_3.cpp 

F:\kp\source>grep.exe KP_WARNING F:\kp\source\Tev\mokinf\PP910m\MikoView\Tadas_20100830\MIKO_PP_9-10\files\5_u_4.cpp 

F:\kp\source>grep.exe KP_WARNING F:\kp\source\Tev\mokinf\PP910m\MikoView\Tadas_20100830\MIKO_PP_9-10\files\5_u_5.cpp 

F:\kp\source>grep.exe KP_WARNING F:\kp\source\Tev\mokinf\PP910m\MikoView\Tadas_20100830\MIKO_PP_9-10\files\5_u_6.cpp 

F:\kp\source>grep.exe KP_WARNING F:\kp\source\Tev\mokinf\PP910m\MikoView\Tadas_20100830\MIKO_PP_9-10\files\6_u_1.cpp 

F:\kp\source>grep.exe KP_WARNING F:\kp\source\Tev\mokinf\PP910m\MikoView\Tadas_20100830\MIKO_PP_9-10\files\6_u_2.cpp 

F:\kp\source>grep.exe KP_WARNING F:\kp\source\Tev\mokinf\PP910m\MikoView\Tadas_20100830\MIKO_PP_9-10\files\6_u_3.cpp 

F:\kp\source>grep.exe KP_WARNING F:\kp\source\Tev\mokinf\PP910m\MikoView\Tadas_20100830\MIKO_PP_9-10\files\6_u_4.cpp 

F:\kp\source>grep.exe KP_WARNING F:\kp\source\Tev\mokinf\PP910m\MikoView\Tadas_20100830\MIKO_PP_9-10\files\6_u_5.cpp 

F:\kp\source>grep.exe KP_WARNING F:\kp\source\Tev\mokinf\PP910m\MikoView\Tadas_20100830\MIKO_PP_9-10\files\7_u_1.cpp 

F:\kp\source>grep.exe KP_WARNING F:\kp\source\Tev\mokinf\PP910m\MikoView\Tadas_20100830\MIKO_PP_9-10\files\7_u_2.cpp 

F:\kp\source>grep.exe KP_WARNING F:\kp\source\Tev\mokinf\PP910m\MikoView\Tadas_20100830\MIKO_PP_9-10\files\7_u_3.cpp 

F:\kp\source>grep.exe KP_WARNING F:\kp\source\Tev\mokinf\PP910m\MikoView\Tadas_20100830\MIKO_PP_9-10\files\7_u_4.cpp 

F:\kp\source>grep.exe KP_WARNING F:\kp\source\Tev\mokinf\PP910m\MikoView\Tadas_20100830\MIKO_PP_9-10\files\7_u_5.cpp 

F:\kp\source>grep.exe KP_WARNING F:\kp\source\Tev\mokinf\PP910m\MikoView\Tadas_20100830\MIKO_PP_9-10\files\8_u_1.cpp 

F:\kp\source>grep.exe KP_WARNING F:\kp\source\Tev\mokinf\PP910m\MikoView\Tadas_20100830\MIKO_PP_9-10\files\8_u_2.cpp 

F:\kp\source>grep.exe KP_WARNING F:\kp\source\Tev\mokinf\PP910m\MikoView\Tadas_20100830\MIKO_PP_9-10\files\8_u_3.cpp 

F:\kp\source>grep.exe KP_WARNING F:\kp\source\Tev\mokinf\PP910m\MikoView\Tadas_20100830\MIKO_PP_9-10\files\9_u_1.cpp 

F:\kp\source>grep.exe KP_WARNING F:\kp\source\Tev\mokinf\PP910m\MikoView\Tadas_20100830\MIKO_PP_9-10\files\9_u_2.cpp 

F:\kp\source>grep.exe KP_WARNING F:\kp\source\Tev\mokinf\PP910m\MikoView\Tadas_20100830\MIKO_PP_9-10\files\9_u_3.cpp 

F:\kp\source>grep.exe KP_WARNING F:\kp\source\Tev\mokinf\PP910m\MikoView\Tadas_20100830\MIKO_PP_9-10\files\9_u_4.cpp 

F:\kp\source>grep.exe KP_WARNING F:\kp\source\Tev\mokinf\PP910m\MikoView\Tadas_20100830\MIKO_PP_9-10\files\9_u_5.cpp 

F:\kp\source>grep.exe KP_WARNING F:\kp\source\Tev\mokinf\PP910m\MikoView\Tadas_20100830\MIKO_PP_9-10\files\darbas1.cpp 

F:\kp\source>grep.exe KP_WARNING F:\kp\source\Tev\mokinf\PP910m\MikoView\Tadas_20100830\MIKO_PP_9-10\files\darbas1_smalsiems.cpp 

F:\kp\source>grep.exe KP_WARNING F:\kp\source\Tev\mokinf\PP910m\MikoView\Tadas_20100830\MIKO_PP_9-10\files\darbas10.cpp 

F:\kp\source>grep.exe KP_WARNING F:\kp\source\Tev\mokinf\PP910m\MikoView\Tadas_20100830\MIKO_PP_9-10\files\darbas10_smalsiems.cpp 

F:\kp\source>grep.exe KP_WARNING F:\kp\source\Tev\mokinf\PP910m\MikoView\Tadas_20100830\MIKO_PP_9-10\files\darbas11.cpp 

F:\kp\source>grep.exe KP_WARNING F:\kp\source\Tev\mokinf\PP910m\MikoView\Tadas_20100830\MIKO_PP_9-10\files\darbas11_smalsiems_f.cpp 

F:\kp\source>grep.exe KP_WARNING F:\kp\source\Tev\mokinf\PP910m\MikoView\Tadas_20100830\MIKO_PP_9-10\files\darbas11_smalsiems_pr.cpp 

F:\kp\source>grep.exe KP_WARNING F:\kp\source\Tev\mokinf\PP910m\MikoView\Tadas_20100830\MIKO_PP_9-10\files\darbas2.cpp 

F:\kp\source>grep.exe KP_WARNING F:\kp\source\Tev\mokinf\PP910m\MikoView\Tadas_20100830\MIKO_PP_9-10\files\Darbas3.cpp 

F:\kp\source>grep.exe KP_WARNING F:\kp\source\Tev\mokinf\PP910m\MikoView\Tadas_20100830\MIKO_PP_9-10\files\Darbas3_smalsiems.cpp 

F:\kp\source>grep.exe KP_WARNING F:\kp\source\Tev\mokinf\PP910m\MikoView\Tadas_20100830\MIKO_PP_9-10\files\darbas4.cpp 

F:\kp\source>grep.exe KP_WARNING F:\kp\source\Tev\mokinf\PP910m\MikoView\Tadas_20100830\MIKO_PP_9-10\files\darbas5.cpp 

F:\kp\source>grep.exe KP_WARNING F:\kp\source\Tev\mokinf\PP910m\MikoView\Tadas_20100830\MIKO_PP_9-10\files\darbas5_smalsiems.cpp 

F:\kp\source>grep.exe KP_WARNING F:\kp\source\Tev\mokinf\PP910m\MikoView\Tadas_20100830\MIKO_PP_9-10\files\Darbas6.cpp 

F:\kp\source>grep.exe KP_WARNING F:\kp\source\Tev\mokinf\PP910m\MikoView\Tadas_20100830\MIKO_PP_9-10\files\Darbas6_smalsiems.cpp 

F:\kp\source>grep.exe KP_WARNING F:\kp\source\Tev\mokinf\PP910m\MikoView\Tadas_20100830\MIKO_PP_9-10\files\darbas7.cpp 

F:\kp\source>grep.exe KP_WARNING F:\kp\source\Tev\mokinf\PP910m\MikoView\Tadas_20100830\MIKO_PP_9-10\files\darbas8.cpp 

F:\kp\source>grep.exe KP_WARNING F:\kp\source\Tev\mokinf\PP910m\MikoView\Tadas_20100830\MIKO_PP_9-10\files\darbas8_smalsiems.cpp 

F:\kp\source>grep.exe KP_WARNING F:\kp\source\Tev\mokinf\PP910m\MikoView\Tadas_20100830\MIKO_PP_9-10\files\darbas9.cpp 

F:\kp\source>grep.exe KP_WARNING F:\kp\source\Tev\mokinf\PP910m\MikoView\Tadas_20100830\MIKO_PP_9-10\files\darbas9_smalsiems.cpp 

F:\kp\source>grep.exe KP_WARNING F:\kp\source\Tev\mokinf\PP910m\PP910m_MIKO_atmintukas\Output_flash\DAT9\files\kompiliatoriai\cpp\bin\b.cpp 

F:\kp\source>grep.exe KP_WARNING F:\kp\source\Tev\mokinf\PP910m\PP910m_MIKO_atmintukas\Output_flash\DAT9\files\pas, cpp failai\antimagiskas.cpp 

F:\kp\source>grep.exe KP_WARNING F:\kp\source\Tev\mokinf\PP910m\PP910m_MIKO_atmintukas\Output_flash\DAT9\files\pas, cpp failai\resursai.cpp 

F:\kp\source>grep.exe KP_WARNING F:\kp\source\Tev\mokist\DYMREL\Dymrel.cpp 

F:\kp\source>grep.exe KP_WARNING F:\kp\source\Tev\mokist\DYMREL\Dymrelw.cpp 

F:\kp\source>grep.exe KP_WARNING F:\kp\source\Tev\mokist\DYMSH\Dymsh.cpp 

F:\kp\source>grep.exe KP_WARNING F:\kp\source\Tev\mokist\DYMSH\Dymshd.cpp 

F:\kp\source>grep.exe KP_WARNING F:\kp\source\Tev\mokist\DYMSH\DymShT.cpp 

F:\kp\source>grep.exe KP_WARNING F:\kp\source\Tev\mokste\Mokste.cpp 

F:\kp\source>grep.exe KP_WARNING F:\kp\source\Tev\mokste\Moksted.cpp 

F:\kp\source>grep.exe KP_WARNING F:\kp\source\Tev\mokste\mokstef.cpp 

F:\kp\source>grep.exe KP_WARNING F:\kp\source\Tev\mokste\moksteq.cpp 

F:\kp\source>grep.exe KP_WARNING F:\kp\source\Tev\mokste\Mokstet.cpp 

F:\kp\source>grep.exe KP_WARNING F:\kp\source\Tev\mokste\PressAnyKey.cpp 

F:\kp\source>grep.exe KP_WARNING F:\kp\source\Tev\mokste\utils3d.cpp 

F:\kp\source>grep.exe KP_WARNING F:\kp\source\Tev\mokste\sav\Mokste.cpp 

F:\kp\source>grep.exe KP_WARNING F:\kp\source\Tev\mokste\sav\Moksted.cpp 

F:\kp\source>grep.exe KP_WARNING F:\kp\source\Tev\mokste\sav\mokstef.cpp 

F:\kp\source>grep.exe KP_WARNING F:\kp\source\Tev\mokste\sav\Mokstet.cpp 

F:\kp\source>grep.exe KP_WARNING F:\kp\source\Tev\mokste\Budvytis\Stereometrija\Opgl\Gloperating.cpp 

F:\kp\source>grep.exe KP_WARNING F:\kp\source\Tev\mokyk\par0.cpp 

F:\kp\source>grep.exe KP_WARNING F:\kp\source\Tev\mokyk\Paraisk.cpp 

F:\kp\source>grep.exe KP_WARNING F:\kp\source\Tev\mokyk\StdAfx.cpp 

F:\kp\source>grep.exe KP_WARNING F:\kp\source\Tev\mokyk\par2\par2.cpp 

F:\kp\source>grep.exe KP_WARNING F:\kp\source\Tev\mokyk\par2\StdAfx.cpp 

F:\kp\source>grep.exe KP_WARNING F:\kp\source\Tev\otel\otelg2t.cpp 

F:\kp\source>grep.exe KP_WARNING F:\kp\source\Tev\otel\otelsty.cpp 

F:\kp\source>grep.exe KP_WARNING F:\kp\source\Tev\otel\otelt2r.cpp 

F:\kp\source>grep.exe KP_WARNING F:\kp\source\Tev\otel\oteltg.cpp 

F:\kp\source>grep.exe KP_WARNING F:\kp\source\Tev\otle\otlet2g.CPP 

F:\kp\source>grep.exe KP_WARNING F:\kp\source\Tev\otle\otlet2rt.cpp 

F:\kp\source>grep.exe KP_WARNING F:\kp\source\Tev\prod\Darbai.cpp 

F:\kp\source>grep.exe KP_WARNING F:\kp\source\Tev\prod\darbai1.cpp 

F:\kp\source>grep.exe KP_WARNING F:\kp\source\Tev\prod\darbai1Dlg.cpp 

F:\kp\source>grep.exe KP_WARNING F:\kp\source\Tev\prod\darbai2.cpp 

F:\kp\source>grep.exe KP_WARNING F:\kp\source\Tev\prod\darbai2Dlg.cpp 

F:\kp\source>grep.exe KP_WARNING F:\kp\source\Tev\prod\darbai3.cpp 

F:\kp\source>grep.exe KP_WARNING F:\kp\source\Tev\prod\Darbd.cpp 

F:\kp\source>grep.exe KP_WARNING F:\kp\source\Tev\prod\Darbp.cpp 

F:\kp\source>grep.exe KP_WARNING F:\kp\source\Tev\prod\StdAfx.cpp 

F:\kp\source>grep.exe KP_WARNING F:\kp\source\Tev\prodreg\gen.cpp 

F:\kp\source>grep.exe KP_WARNING F:\kp\source\Tev\prodreg\gen0.cpp 

F:\kp\source>grep.exe KP_WARNING F:\kp\source\Tev\prodreg\genfldat.cpp 

F:\kp\source>grep.exe KP_WARNING F:\kp\source\Tev\prodreg\geniss.cpp 

F:\kp\source>grep.exe KP_WARNING F:\kp\source\Tev\prodreg\geniss_0_ini.cpp 

F:\kp\source>grep.exe KP_WARNING F:\kp\source\Tev\prodreg\gen_fplayer.cpp 

F:\kp\source>grep.exe KP_WARNING F:\kp\source\Tev\prodreg\gen_ipa.cpp 

F:\kp\source>grep.exe KP_WARNING F:\kp\source\Tev\rlz\main.cpp 

F:\kp\source>grep.exe KP_WARNING F:\kp\source\Tev\rlz\rlzg2t.cpp 

F:\kp\source>grep.exe KP_WARNING F:\kp\source\Tev\rlz\rlzsty.cpp 

F:\kp\source>grep.exe KP_WARNING F:\kp\source\Tev\rlz\rlzsty_sav.cpp 

F:\kp\source>grep.exe KP_WARNING F:\kp\source\Tev\rlz\rlzt.cpp 

F:\kp\source>grep.exe KP_WARNING F:\kp\source\Tev\rlz\rlzt2x.cpp 

F:\kp\source>grep.exe KP_WARNING F:\kp\source\Tev\rlz\rlztg.cpp 

F:\kp\source>grep.exe KP_WARNING F:\kp\source\Tev\rlz\rlzx.cpp 

F:\kp\source>grep.exe KP_WARNING F:\kp\source\Tev\RTF\Tvrtf.cpp 

F:\kp\source>grep.exe KP_WARNING F:\kp\source\Tev\RTF\Tvrtff.cpp 

F:\kp\source>grep.exe KP_WARNING F:\kp\source\Tev\RTF\Tvrtfi.cpp 

F:\kp\source>grep.exe KP_WARNING F:\kp\source\Tev\RTF\Tvrtfo.cpp 

F:\kp\source>grep.exe KP_WARNING F:\kp\source\Tev\RTF\Tvrtfo_su_kalbom.cpp 

F:\kp\source>grep.exe KP_WARNING F:\kp\source\Tev\RTF\Tvrtft.cpp 

F:\kp\source>grep.exe KP_WARNING F:\kp\source\Tev\RTF\Tvrtft_su_kalbom.cpp 

F:\kp\source>grep.exe KP_WARNING F:\kp\source\Tev\tex\tvtex.cpp 

F:\kp\source>grep.exe KP_WARNING F:\kp\source\Tev\tex\tvtexc.cpp 

F:\kp\source>grep.exe KP_WARNING F:\kp\source\Tev\tex\tvtexchy.cpp 

F:\kp\source>grep.exe KP_WARNING F:\kp\source\Tev\tex\tvtexf.cpp 

F:\kp\source>grep.exe KP_WARNING F:\kp\source\Tev\tex\tvtexmtt.cpp 

F:\kp\source>grep.exe KP_WARNING F:\kp\source\Tev\tex\Tvtext.cpp 

F:\kp\source>grep.exe KP_WARNING F:\kp\source\Tev\tex\TXU2T.CPP 

F:\kp\source>grep.exe KP_WARNING F:\kp\source\Tev\UNI\tvuni.cpp 

F:\kp\source>grep.exe KP_WARNING F:\kp\source\Tev\vlz\VLZ04VL.CPP 

F:\kp\source>grep.exe KP_WARNING F:\kp\source\Tev\vlz\vlz04_sty.cpp 

F:\kp\source>grep.exe KP_WARNING F:\kp\source\Tev\vlz\vlz06e_sty.cpp 

F:\kp\source>grep.exe KP_WARNING F:\kp\source\Tev\vlz\vlz07e_sty.cpp 

F:\kp\source>grep.exe KP_WARNING F:\kp\source\Tev\vlz\vlz08e_sty.cpp 

F:\kp\source>grep.exe KP_WARNING F:\kp\source\Tev\vlz\vlz2g.CPP 

F:\kp\source>grep.exe KP_WARNING F:\kp\source\Tev\vlz\vlzgcor.cpp 

F:\kp\source>grep.exe KP_WARNING F:\kp\source\Tev\vlz\vlzinv.cpp 

F:\kp\source>grep.exe KP_WARNING F:\kp\source\Tev\vlz\vlzspg.cpp 

F:\kp\source>grep.exe KP_WARNING F:\kp\source\Tev\vlz\vlzspm.cpp 

F:\kp\source>grep.exe KP_WARNING F:\kp\source\Tev\vlz\vlzspt.cpp 

F:\kp\source>grep.exe KP_WARNING F:\kp\source\Tev\vlz\vlzspw.cpp 

F:\kp\source>grep.exe KP_WARNING F:\kp\source\Tev\vlz\vlzt.cpp 

F:\kp\source>grep.exe KP_WARNING F:\kp\source\Tev\vlz\vlzt0.cpp 

F:\kp\source>grep.exe KP_WARNING F:\kp\source\Tev\vlz\vlzt2x.cpp 

F:\kp\source>grep.exe KP_WARNING F:\kp\source\Tev\vlz\vlzTg.CPP 

F:\kp\source>grep.exe KP_WARNING F:\kp\source\Tev\vlz\vlzty.cpp 

F:\kp\source>grep.exe KP_WARNING F:\kp\source\Tev\vlz\vlzx.cpp 

F:\kp\source>grep.exe KP_WARNING F:\kp\source\Tev\vlz\vlzx0.CPP 

F:\kp\source>grep.exe KP_WARNING F:\kp\source\Tev\vlz\Vlzx2t.cpp 

F:\kp\source>grep.exe KP_WARNING F:\kp\source\Tev\vlz\Vlzx2tn.cpp 

F:\kp\source>grep.exe KP_WARNING F:\kp\source\Tev\xml\Htmt.cpp 

F:\kp\source>grep.exe KP_WARNING F:\kp\source\Tev\xml\main.cpp 

F:\kp\source>grep.exe KP_WARNING F:\kp\source\Tev\xml\mcmr2t.cpp 

F:\kp\source>grep.exe KP_WARNING F:\kp\source\Tev\xml\tvxml.cpp 

F:\kp\source>grep.exe KP_WARNING F:\kp\source\Tev\xml\Tvxmlc.cpp 

F:\kp\source>grep.exe KP_WARNING F:\kp\source\Tev\xml\Tvxmlce.cpp 

F:\kp\source>grep.exe KP_WARNING F:\kp\source\Tev\xml\tvxmlch.cpp 

F:\kp\source>grep.exe KP_WARNING F:\kp\source\Tev\xml\Tvxmlcm.cpp 

F:\kp\source>grep.exe KP_WARNING F:\kp\source\Tev\xml\tvxmle.cpp 

F:\kp\source>grep.exe KP_WARNING F:\kp\source\Tev\xml\tvxmlecm.cpp 

F:\kp\source>grep.exe KP_WARNING F:\kp\source\Tev\xml\TVXMLEL.CPP 

F:\kp\source>grep.exe KP_WARNING F:\kp\source\Tev\xml\tvxmlel0.cpp 

F:\kp\source>grep.exe KP_WARNING F:\kp\source\Tev\xml\tvxmlelc.cpp 

F:\kp\source>grep.exe KP_WARNING F:\kp\source\Tev\xml\tvxmlelc0.cpp 

F:\kp\source>grep.exe KP_WARNING F:\kp\source\Tev\xml\tvxmlev.cpp 

F:\kp\source>grep.exe KP_WARNING F:\kp\source\Tev\xml\tvxmlev0.cpp 

F:\kp\source>grep.exe KP_WARNING F:\kp\source\Tev\xml\tvxmlev1.cpp 

F:\kp\source>grep.exe KP_WARNING F:\kp\source\Tev\xml\tvxmlevc.cpp 

F:\kp\source>grep.exe KP_WARNING F:\kp\source\Tev\xml\tvxmlevc0.cpp 

F:\kp\source>grep.exe KP_WARNING F:\kp\source\Tev\xml\tvxmlr.cpp 

F:\kp\source>grep.exe KP_WARNING F:\kp\source\Tev\xml\tvxmlrcr.cpp 

F:\kp\source>grep.exe KP_WARNING F:\kp\source\Tev\xml\Tvxmlrm.cpp 

F:\kp\source>grep.exe KP_WARNING F:\kp\source\Tev\xml\tvxmls.cpp 

F:\kp\source>grep.exe KP_WARNING F:\kp\source\Tev\xml\tvxmlt.cpp 

F:\kp\source>grep.exe KP_WARNING F:\kp\source\Tev\xml\Tvxmltg.cpp 

F:\kp\source>grep.exe KP_WARNING F:\kp\source\Tev\xml\Tvxmltto.cpp 

F:\kp\source>grep.exe KP_WARNING F:\kp\source\Tev\xml\Xml8.cpp 

F:\kp\source>grep.exe KP_WARNING F:\kp\source\Tev\xml\XMLB.CPP 

F:\kp\source>grep.exe KP_WARNING F:\kp\source\Tev\xml\xmld2g.cpp 

F:\kp\source>grep.exe KP_WARNING F:\kp\source\Tev\xml\xmldep.cpp 

F:\kp\source>grep.exe KP_WARNING F:\kp\source\Tev\xml\xmle2p.cpp 

F:\kp\source>grep.exe KP_WARNING F:\kp\source\Tev\xml\xmle2t.cpp 

F:\kp\source>grep.exe KP_WARNING F:\kp\source\Tev\xml\xmle2x.cpp 

F:\kp\source>grep.exe KP_WARNING F:\kp\source\Tev\xml\xmlexp.cpp 

F:\kp\source>grep.exe KP_WARNING F:\kp\source\Tev\xml\xmlext.cpp 

F:\kp\source>grep.exe KP_WARNING F:\kp\source\Tev\xml\xmlg2e.cpp 

F:\kp\source>grep.exe KP_WARNING F:\kp\source\Tev\xml\xmlg2t.cpp 

F:\kp\source>grep.exe KP_WARNING F:\kp\source\Tev\xml\xmlgcs.cpp 

F:\kp\source>grep.exe KP_WARNING F:\kp\source\Tev\xml\Xmlh.cpp 

F:\kp\source>grep.exe KP_WARNING F:\kp\source\Tev\xml\Xmli.cpp 

F:\kp\source>grep.exe KP_WARNING F:\kp\source\Tev\xml\xmlicv.cpp 

F:\kp\source>grep.exe KP_WARNING F:\kp\source\Tev\xml\xmlis.cpp 

F:\kp\source>grep.exe KP_WARNING F:\kp\source\Tev\xml\Xmln.cpp 
      if((retc == KP_E_UNKN_CHR) || (retc == KP_E_FONT_UNDEF)) KP_WARNING(retc, null);

F:\kp\source>grep.exe KP_WARNING F:\kp\source\Tev\xml\xmln0.cpp 

F:\kp\source>grep.exe KP_WARNING F:\kp\source\Tev\xml\xmlnh.cpp 

F:\kp\source>grep.exe KP_WARNING F:\kp\source\Tev\xml\xmlnl.cpp 

F:\kp\source>grep.exe KP_WARNING F:\kp\source\Tev\xml\Xmlnr.cpp 

F:\kp\source>grep.exe KP_WARNING F:\kp\source\Tev\xml\xmlnx.cpp 

F:\kp\source>grep.exe KP_WARNING F:\kp\source\Tev\xml\xmlnxo.cpp 

F:\kp\source>grep.exe KP_WARNING F:\kp\source\Tev\xml\xmlo1.cpp 

F:\kp\source>grep.exe KP_WARNING F:\kp\source\Tev\xml\xmlo2.cpp 

F:\kp\source>grep.exe KP_WARNING F:\kp\source\Tev\xml\xmloi2.CPP 

F:\kp\source>grep.exe KP_WARNING F:\kp\source\Tev\xml\Xmlp.cpp 

F:\kp\source>grep.exe KP_WARNING F:\kp\source\Tev\xml\xmlque.cpp 

F:\kp\source>grep.exe KP_WARNING F:\kp\source\Tev\xml\xmlrcp.cpp 

F:\kp\source>grep.exe KP_WARNING F:\kp\source\Tev\xml\XMLRDT.CPP 

F:\kp\source>grep.exe KP_WARNING F:\kp\source\Tev\xml\XMLRI.CPP 

F:\kp\source>grep.exe KP_WARNING F:\kp\source\Tev\xml\Xmlrpt.cpp 

F:\kp\source>grep.exe KP_WARNING F:\kp\source\Tev\xml\xmlspc.cpp 

F:\kp\source>grep.exe KP_WARNING F:\kp\source\Tev\xml\XMLSPL.CPP 

F:\kp\source>grep.exe KP_WARNING F:\kp\source\Tev\xml\xmlspt.cpp 

F:\kp\source>grep.exe KP_WARNING F:\kp\source\Tev\xml\xmlsty.cpp 

F:\kp\source>grep.exe KP_WARNING F:\kp\source\Tev\xml\xmlsty0.cpp 

F:\kp\source>grep.exe KP_WARNING F:\kp\source\Tev\xml\xmlsty2.cpp 

F:\kp\source>grep.exe KP_WARNING F:\kp\source\Tev\xml\Xmlt.cpp 

F:\kp\source>grep.exe KP_WARNING F:\kp\source\Tev\xml\xmlt0.cpp 

F:\kp\source>grep.exe KP_WARNING F:\kp\source\Tev\xml\xmlt2.CPP 

F:\kp\source>grep.exe KP_WARNING F:\kp\source\Tev\xml\xmlt2g.cpp 

F:\kp\source>grep.exe KP_WARNING F:\kp\source\Tev\xml\xmlt2h.cpp 

F:\kp\source>grep.exe KP_WARNING F:\kp\source\Tev\xml\xmlt2tl.cpp 

F:\kp\source>grep.exe KP_WARNING F:\kp\source\Tev\xml\xmlt2x.cpp 

F:\kp\source>grep.exe KP_WARNING F:\kp\source\Tev\xml\xmlt2x0.cpp 

F:\kp\source>grep.exe KP_WARNING F:\kp\source\Tev\xml\xmltg.cpp 

F:\kp\source>grep.exe KP_WARNING F:\kp\source\Tev\xml\Xmlu.cpp 

F:\kp\source>grep.exe KP_WARNING F:\kp\source\Tev\xml\KpGecko.CPP 
      if(strlen(a_URL) >= KP_MAX_FNAME_LEN) KP_WARNING(KP_E_BUFFER_OVERFLOW, null);

F:\kp\source>grep.exe KP_WARNING F:\kp\source\Tev\xml\Xmlf.cpp 

F:\kp\source>grep.exe KP_WARNING F:\kp\source\Tev\xml\aa\tvxmls.cpp 

F:\kp\source>grep.exe KP_WARNING F:\kp\source\Tev\xml\MSHTML\DocHostUiHandler.cpp 

F:\kp\source>grep.exe KP_WARNING F:\kp\source\Tev\xml\MSHTML\HTMLWindow.cpp 

F:\kp\source>grep.exe KP_WARNING F:\kp\source\Tev\xml\MSHTML\main.cpp 

F:\kp\source>grep.exe KP_WARNING F:\kp\source\Tev\xml\MSHTML\MSHTMLTest.cpp 

F:\kp\source>grep.exe KP_WARNING F:\kp\source\Tev\xml\MSHTML\OleClientSite.cpp 

F:\kp\source>grep.exe KP_WARNING F:\kp\source\Tev\xml\MSHTML\OleInPlaceSite.cpp 

F:\kp\source>grep.exe KP_WARNING F:\kp\source\Tev\xml\MSHTML\stdHelpers.cpp 

F:\kp\source>grep.exe KP_WARNING F:\kp\source\Tev\xml\MSHTML\Tracer.cpp 

F:\kp\source>grep.exe KP_WARNING F:\kp\source\Tev\xml\MSHTML\UrlHelper.cpp 

F:\kp\source>grep.exe KP_WARNING F:\kp\source\Tev\xml\MSHTML\VariantHelper.cpp 

F:\kp\source>grep.exe KP_WARNING F:\kp\source\Tev\xml\tux_gecko\main.cpp 

F:\kp\source>grep.exe KP_WARNING F:\kp\source\cbp2mak\txml.cpp 

F:\kp\source>grep.exe KP_WARNING F:\kp\source\cbp2mak\tinyxml\tinystr.cpp 

F:\kp\source>grep.exe KP_WARNING F:\kp\source\cbp2mak\tinyxml\tinyxml.cpp 

F:\kp\source>grep.exe KP_WARNING F:\kp\source\cbp2mak\tinyxml\tinyxmlerror.cpp 

F:\kp\source>grep.exe KP_WARNING F:\kp\source\cbp2mak\tinyxml\tinyxmlparser.cpp 
